
===== RUN 2026-04-28 17:14:13 =====
17:14:13 User: ERP_PPM_DM.PRISM | Contracts attendus: 148 | Batch: 25 | Output: C:\Users\KillianMathieu\Documents\UiPath\Egis\Egis-Robot1\Data\Output
17:14:13 Decoupage en 6 batch(es) de 25 contrats max
17:14:14   batch 1/6 offset=0 charge=0 total=0 hasMore=False
17:14:14   batch 2/6 offset=0 charge=0 total=0 hasMore=False
17:14:15   batch 3/6 offset=0 charge=0 total=0 hasMore=False
17:14:15   batch 4/6 offset=0 charge=1 total=1 hasMore=False
17:14:16   batch 5/6 offset=0 charge=2 total=3 hasMore=False
17:14:17   batch 6/6 offset=0 charge=0 total=3 hasMore=False
17:14:17 API OK : 3 contrats (version courante) recuperes en 4s
17:14:17 ATTENTION : 145 contrats non trouves : AG-BIL-1001684_C1, AG-BIL-1002075_C1, AG-BIL-1002814_C1, AG-BIL-1003314_C1, AG-BIL-1003314_C2, AG-BIL-1003314_C3, AG-BIL-1003314_C4, AG-BIL-1003354_C1, AG-BIL-1003379_C1, AG-BIL-1003933-BUVD04601-C1, AG-BIL-1003942_C1, AG-BIL-1003950_C1, AG-BIL-1003955_C1, AG-BIL-1003956_C1, AG-BIL-1004226_C1, AG-BIL-1004233-C1, AG-BIL-1005484-C1, AG-BIL-1006074-C1, AG-BIL-1006087-C1, AG-BIL-1006679-C1, AG-BIL-1006740_C1, AG-BIL-1006784-C1, AG-BIL-1006848-C1, AG-BIL-1007271-C1, AG-BIL-1007494-C1, AG-BIL-1008507-C1, AG-BIL1004215_C1, AG-FR03319FR-0001, AG-FR03319FR-0002, AG-FR03319FR-0003, AG-FR03319FR-0004, AG-FR03319FR-0005, AG-FR03319FR-0006, AG-FR03319FR-0007, AG-FR03319FR-0008, AG-FR03319FR-0009, AG-FR03319FR-0011, AG-FR03319FR-0012, AG-FR03319FR-0013, AG-FR03319FR-0016, AG-FR03319FR-0017, AG-FR03319FR-0018, AG-FR03319FR-0019, AG-FR03319FR-0020, AG-FR03319FR-0022, AG-FR03319FR-0023, AG-FR03319FR-0024, AG-FR03319FR-0025, AG-FR03319FR-0026, AG-FR03319FR-0027, AG-FR03319FR-0028, AG-FR03319FR-0029, AG-FR03319FR-0030, AG-FR03319FR-0031, AG-FR03319FR-0032, AG-FR03319FR-0033, AG-FR03319FR-0034, AG-FR03319FR-0035, AG-FR03319FR-0036, AG-FR03319FR-0038, AG-FR03319FR-0039, AG-FR03319FR-0040, AG-FR03319FR-0041, AG-FR03319FR-0042, AG-FR03319FR-0043, AG-FR03319FR-0045, AG-FR03319FR-0046, AG-FR03319FR-0047, AG-FR03319FR-0048, AG-FR03319FR-0049, AG-FR03319FR-0050, AG-FR03319FR-0052, AG-FR03319FR-0053, AG-FR03319FR-0054, AG-FR03319FR-0055, AG-FR03319FR-0056, AG-FR03319FR-0057, AG-FR03319FR-0058, AG-FR03319FR-0059, AG-FR03319FR-0060, AG-FR03319FR-0061, AG-FR03319FR-0062, AG-FR03319FR-0063, AG-FR03319FR-0064, AG-FR03319FR-0066, AG-FR03319FR-0068, AG-FR03319FR-0069, AG-FR03319FR-0070, AG-FR03319FR-0071, AG-FR03319FR-0072, AG-FR03319FR-0073, AG-FR03319FR-0074, AG-FR03319FR-0075, AG-FR03319FR-0076, AG-FR03319FR-0077, AG-FR03319FR-0077-C1, AG-FR03319FR-0078, AG-FR03319FR-0080, AG-FR03319FR-0081, AG-FR03319FR-0082, AG-FR03319FR-0083, AG-FR03319FR-0084, AG-FR03319FR-0088, AG-FR03319FR-0089, AG-FR03319FR-0090, AG-FR03319FR-0091, AG-FR03319FR-0092, AG-FR03319FR-0093, AG-FR03319FR-0094, AG-FR03319FR-0095, AG-FR03319FR-0097, AG-FR03319FR-0098, AG-FR03319FR-0099, AG-FR03319FR-0100, AG-FR03319FR-0101, AG-FR03319FR-0102, AG-FR03319FR-0104, AG-FR03319FR-0105, AG-FR03319FR-0107, AG-FR03319FR-0108, AG-FR03319FR-0110, AG-FR03319FR-0111, AG-FR03319FR-0112, AG-FR03319FR-0113, AG-FR03319FR-0114, AG-FR03319FR-0115, AG-FR03319FR-0116, AG-FR03319FR-0117, AG-FR03319FR-0119, AG-FR03319FR-0121, AG-FR03319FR-0122, AG-FR03319FR-0123, AG-FR03319FR-10001, AG-FR03319FR-10002, AG-FR03319FR-10007, AG-FR03319FR-10011, AG-FR03319FR-10022, AG-FR03319FR-10034, AG-FR03319FR-10047, AG-FR03319FR-AVSF01402, AG-FR03319FR-BATE66901_C1, AG-FR03319FR-BAUC76101_C1, AG-FR03319FR-BAUE49601_C1, AG-FR03319FR-BAUF85401_C1, AG-FR03319FR-BAUK62501_C1
17:14:17 Total contrats a ecrire : 3
17:14:17 Buffer memoire rempli : 3 lignes en 39 ms
17:14:17 Template source : C:\Users\KillianMathieu\Documents\UiPath\Egis\Egis-Robot1\Data\Input\05-IDF_TEMPLATE_SUBMIT_CONTRACT_V1.0.xlsx
17:14:17 Copie de travail : C:\Users\KILLIA~1\AppData\Local\Temp\OracleContractsExport\05-IDF_TEMPLATE_SUBMIT_CONTRACT_V1.0_20260428_171417.xlsx
17:14:18 Ouverture Excel...
17:14:21 Premiere ligne libre detectee : 6
17:14:21 Excel : ecriture bloc (3 lignes, ligne 6 a 8) en 10 ms
17:14:21 Excel ferme
17:14:21 Fichier final : C:\Users\KillianMathieu\Documents\UiPath\Egis\Egis-Robot1\Data\Output\05-IDF_TEMPLATE_SUBMIT_CONTRACT_V1.0_20260428_171417.xlsx

===== RUN 2026-04-28 17:16:52 =====
17:16:52 User: ERP_PPM_DM.PRISM | Contracts attendus: 148 | Batch: 25 | Output: C:\Users\KillianMathieu\Documents\UiPath\Egis\Egis-Robot1\Data\Output
17:16:52 Decoupage en 6 batch(es) de 25 contrats max
17:16:52   batch 1/6 offset=0 charge=0 total=0 hasMore=False
17:16:52   batch 2/6 offset=0 charge=0 total=0 hasMore=False
17:16:53   batch 3/6 offset=0 charge=0 total=0 hasMore=False
17:16:53   batch 4/6 offset=0 charge=1 total=1 hasMore=False
17:16:54   batch 5/6 offset=0 charge=2 total=3 hasMore=False
17:16:54   batch 6/6 offset=0 charge=0 total=3 hasMore=False
17:16:54 API OK : 3 contrats (version courante) recuperes en 3s
17:16:54 ATTENTION : 145 contrats non trouves : AG-BIL-1001684_C1, AG-BIL-1002075_C1, AG-BIL-1002814_C1, AG-BIL-1003314_C1, AG-BIL-1003314_C2, AG-BIL-1003314_C3, AG-BIL-1003314_C4, AG-BIL-1003354_C1, AG-BIL-1003379_C1, AG-BIL-1003933-BUVD04601-C1, AG-BIL-1003942_C1, AG-BIL-1003950_C1, AG-BIL-1003955_C1, AG-BIL-1003956_C1, AG-BIL-1004226_C1, AG-BIL-1004233-C1, AG-BIL-1005484-C1, AG-BIL-1006074-C1, AG-BIL-1006087-C1, AG-BIL-1006679-C1, AG-BIL-1006740_C1, AG-BIL-1006784-C1, AG-BIL-1006848-C1, AG-BIL-1007271-C1, AG-BIL-1007494-C1, AG-BIL-1008507-C1, AG-BIL1004215_C1, AG-FR03319FR-0001, AG-FR03319FR-0002, AG-FR03319FR-0003, AG-FR03319FR-0004, AG-FR03319FR-0005, AG-FR03319FR-0006, AG-FR03319FR-0007, AG-FR03319FR-0008, AG-FR03319FR-0009, AG-FR03319FR-0011, AG-FR03319FR-0012, AG-FR03319FR-0013, AG-FR03319FR-0016, AG-FR03319FR-0017, AG-FR03319FR-0018, AG-FR03319FR-0019, AG-FR03319FR-0020, AG-FR03319FR-0022, AG-FR03319FR-0023, AG-FR03319FR-0024, AG-FR03319FR-0025, AG-FR03319FR-0026, AG-FR03319FR-0027, AG-FR03319FR-0028, AG-FR03319FR-0029, AG-FR03319FR-0030, AG-FR03319FR-0031, AG-FR03319FR-0032, AG-FR03319FR-0033, AG-FR03319FR-0034, AG-FR03319FR-0035, AG-FR03319FR-0036, AG-FR03319FR-0038, AG-FR03319FR-0039, AG-FR03319FR-0040, AG-FR03319FR-0041, AG-FR03319FR-0042, AG-FR03319FR-0043, AG-FR03319FR-0045, AG-FR03319FR-0046, AG-FR03319FR-0047, AG-FR03319FR-0048, AG-FR03319FR-0049, AG-FR03319FR-0050, AG-FR03319FR-0052, AG-FR03319FR-0053, AG-FR03319FR-0054, AG-FR03319FR-0055, AG-FR03319FR-0056, AG-FR03319FR-0057, AG-FR03319FR-0058, AG-FR03319FR-0059, AG-FR03319FR-0060, AG-FR03319FR-0061, AG-FR03319FR-0062, AG-FR03319FR-0063, AG-FR03319FR-0064, AG-FR03319FR-0066, AG-FR03319FR-0068, AG-FR03319FR-0069, AG-FR03319FR-0070, AG-FR03319FR-0071, AG-FR03319FR-0072, AG-FR03319FR-0073, AG-FR03319FR-0074, AG-FR03319FR-0075, AG-FR03319FR-0076, AG-FR03319FR-0077, AG-FR03319FR-0077-C1, AG-FR03319FR-0078, AG-FR03319FR-0080, AG-FR03319FR-0081, AG-FR03319FR-0082, AG-FR03319FR-0083, AG-FR03319FR-0084, AG-FR03319FR-0088, AG-FR03319FR-0089, AG-FR03319FR-0090, AG-FR03319FR-0091, AG-FR03319FR-0092, AG-FR03319FR-0093, AG-FR03319FR-0094, AG-FR03319FR-0095, AG-FR03319FR-0097, AG-FR03319FR-0098, AG-FR03319FR-0099, AG-FR03319FR-0100, AG-FR03319FR-0101, AG-FR03319FR-0102, AG-FR03319FR-0104, AG-FR03319FR-0105, AG-FR03319FR-0107, AG-FR03319FR-0108, AG-FR03319FR-0110, AG-FR03319FR-0111, AG-FR03319FR-0112, AG-FR03319FR-0113, AG-FR03319FR-0114, AG-FR03319FR-0115, AG-FR03319FR-0116, AG-FR03319FR-0117, AG-FR03319FR-0119, AG-FR03319FR-0121, AG-FR03319FR-0122, AG-FR03319FR-0123, AG-FR03319FR-10001, AG-FR03319FR-10002, AG-FR03319FR-10007, AG-FR03319FR-10011, AG-FR03319FR-10022, AG-FR03319FR-10034, AG-FR03319FR-10047, AG-FR03319FR-AVSF01402, AG-FR03319FR-BATE66901_C1, AG-FR03319FR-BAUC76101_C1, AG-FR03319FR-BAUE49601_C1, AG-FR03319FR-BAUF85401_C1, AG-FR03319FR-BAUK62501_C1
17:16:54 Total contrats a ecrire : 3
17:16:54 Buffer memoire rempli : 3 lignes en 12 ms
17:16:54 Template source : C:\Users\KillianMathieu\Documents\UiPath\Egis\Egis-Robot1\Data\Input\05-IDF_TEMPLATE_SUBMIT_CONTRACT_V1.0.xlsx
17:16:54 Copie de travail : C:\Users\KILLIA~1\AppData\Local\Temp\OracleContractsExport\05-IDF_TEMPLATE_SUBMIT_CONTRACT_V1.0_20260428_171654.xlsx
17:16:54 Ouverture Excel...
17:16:57 Premiere ligne libre detectee : 6
17:16:57 Excel : ecriture bloc (3 lignes, ligne 6 a 8) en 17 ms
17:16:57 Excel ferme
17:16:58 Fichier final : C:\Users\KillianMathieu\Documents\UiPath\Egis\Egis-Robot1\Data\Output\05-IDF_TEMPLATE_SUBMIT_CONTRACT_V1.0_20260428_171654.xlsx

===== RUN 2026-04-28 17:25:40 =====
17:25:40 User: ERP_PPM_DM.PRISM | Contracts attendus: 148 | Batch: 25 | Output: C:\Users\KillianMathieu\Documents\UiPath\Egis\Egis-Robot1\Data\Output
17:25:40 Decoupage en 6 batch(es) de 25 contrats max
17:25:40   batch 1/6 offset=0 charge=0 total=0 hasMore=False
17:25:41   batch 2/6 offset=0 charge=0 total=0 hasMore=False
17:25:41   batch 3/6 offset=0 charge=0 total=0 hasMore=False
17:25:42   batch 4/6 offset=0 charge=1 total=1 hasMore=False
17:25:43   batch 5/6 offset=0 charge=2 total=3 hasMore=False
17:25:43   batch 6/6 offset=0 charge=0 total=3 hasMore=False
17:25:43 API OK : 3 contrats (version courante) recuperes en 3s
17:25:43 ATTENTION : 145 contrats non trouves : AG-BIL-1001684_C1, AG-BIL-1002075_C1, AG-BIL-1002814_C1, AG-BIL-1003314_C1, AG-BIL-1003314_C2, AG-BIL-1003314_C3, AG-BIL-1003314_C4, AG-BIL-1003354_C1, AG-BIL-1003379_C1, AG-BIL-1003933-BUVD04601-C1, AG-BIL-1003942_C1, AG-BIL-1003950_C1, AG-BIL-1003955_C1, AG-BIL-1003956_C1, AG-BIL-1004226_C1, AG-BIL-1004233-C1, AG-BIL-1005484-C1, AG-BIL-1006074-C1, AG-BIL-1006087-C1, AG-BIL-1006679-C1, AG-BIL-1006740_C1, AG-BIL-1006784-C1, AG-BIL-1006848-C1, AG-BIL-1007271-C1, AG-BIL-1007494-C1, AG-BIL-1008507-C1, AG-BIL1004215_C1, AG-FR03319FR-0001, AG-FR03319FR-0002, AG-FR03319FR-0003, AG-FR03319FR-0004, AG-FR03319FR-0005, AG-FR03319FR-0006, AG-FR03319FR-0007, AG-FR03319FR-0008, AG-FR03319FR-0009, AG-FR03319FR-0011, AG-FR03319FR-0012, AG-FR03319FR-0013, AG-FR03319FR-0016, AG-FR03319FR-0017, AG-FR03319FR-0018, AG-FR03319FR-0019, AG-FR03319FR-0020, AG-FR03319FR-0022, AG-FR03319FR-0023, AG-FR03319FR-0024, AG-FR03319FR-0025, AG-FR03319FR-0026, AG-FR03319FR-0027, AG-FR03319FR-0028, AG-FR03319FR-0029, AG-FR03319FR-0030, AG-FR03319FR-0031, AG-FR03319FR-0032, AG-FR03319FR-0033, AG-FR03319FR-0034, AG-FR03319FR-0035, AG-FR03319FR-0036, AG-FR03319FR-0038, AG-FR03319FR-0039, AG-FR03319FR-0040, AG-FR03319FR-0041, AG-FR03319FR-0042, AG-FR03319FR-0043, AG-FR03319FR-0045, AG-FR03319FR-0046, AG-FR03319FR-0047, AG-FR03319FR-0048, AG-FR03319FR-0049, AG-FR03319FR-0050, AG-FR03319FR-0052, AG-FR03319FR-0053, AG-FR03319FR-0054, AG-FR03319FR-0055, AG-FR03319FR-0056, AG-FR03319FR-0057, AG-FR03319FR-0058, AG-FR03319FR-0059, AG-FR03319FR-0060, AG-FR03319FR-0061, AG-FR03319FR-0062, AG-FR03319FR-0063, AG-FR03319FR-0064, AG-FR03319FR-0066, AG-FR03319FR-0068, AG-FR03319FR-0069, AG-FR03319FR-0070, AG-FR03319FR-0071, AG-FR03319FR-0072, AG-FR03319FR-0073, AG-FR03319FR-0074, AG-FR03319FR-0075, AG-FR03319FR-0076, AG-FR03319FR-0077, AG-FR03319FR-0077-C1, AG-FR03319FR-0078, AG-FR03319FR-0080, AG-FR03319FR-0081, AG-FR03319FR-0082, AG-FR03319FR-0083, AG-FR03319FR-0084, AG-FR03319FR-0088, AG-FR03319FR-0089, AG-FR03319FR-0090, AG-FR03319FR-0091, AG-FR03319FR-0092, AG-FR03319FR-0093, AG-FR03319FR-0094, AG-FR03319FR-0095, AG-FR03319FR-0097, AG-FR03319FR-0098, AG-FR03319FR-0099, AG-FR03319FR-0100, AG-FR03319FR-0101, AG-FR03319FR-0102, AG-FR03319FR-0104, AG-FR03319FR-0105, AG-FR03319FR-0107, AG-FR03319FR-0108, AG-FR03319FR-0110, AG-FR03319FR-0111, AG-FR03319FR-0112, AG-FR03319FR-0113, AG-FR03319FR-0114, AG-FR03319FR-0115, AG-FR03319FR-0116, AG-FR03319FR-0117, AG-FR03319FR-0119, AG-FR03319FR-0121, AG-FR03319FR-0122, AG-FR03319FR-0123, AG-FR03319FR-10001, AG-FR03319FR-10002, AG-FR03319FR-10007, AG-FR03319FR-10011, AG-FR03319FR-10022, AG-FR03319FR-10034, AG-FR03319FR-10047, AG-FR03319FR-AVSF01402, AG-FR03319FR-BATE66901_C1, AG-FR03319FR-BAUC76101_C1, AG-FR03319FR-BAUE49601_C1, AG-FR03319FR-BAUF85401_C1, AG-FR03319FR-BAUK62501_C1
17:25:43 Total contrats a ecrire : 3
17:25:43 Buffer memoire rempli : 3 lignes en 21 ms
17:25:43 Template source : C:\Users\KillianMathieu\Documents\UiPath\Egis\Egis-Robot1\Data\Input\05-IDF_TEMPLATE_SUBMIT_CONTRACT_V1.0.xlsx
17:25:43 Copie de travail : C:\Users\KILLIA~1\AppData\Local\Temp\OracleContractsExport\05-IDF_TEMPLATE_SUBMIT_CONTRACT_V1.0_20260428_172543.xlsx
17:25:43 Ouverture Excel...
17:25:46 Premiere ligne libre detectee : 6
17:25:46 Excel : ecriture bloc (3 lignes, ligne 6 a 8) en 5 ms
17:25:46 Excel ferme
17:25:46 Fichier final : C:\Users\KillianMathieu\Documents\UiPath\Egis\Egis-Robot1\Data\Output\05-IDF_TEMPLATE_SUBMIT_CONTRACT_V1.0_20260428_172543.xlsx

===== RUN 2026-04-28 17:42:17 =====
17:42:17 User: ERP_PPM_DM.PRISM | Contracts attendus: 148 | Batch: 25 | Output: C:\Users\KillianMathieu\Documents\UiPath\Egis\Egis-Robot1\Data\Output
17:42:17 Decoupage en 6 batch(es) de 25 contrats max
17:42:18   batch 1/6 offset=0 charge=0 total=0 hasMore=False
17:42:18   batch 2/6 offset=0 charge=0 total=0 hasMore=False
17:42:18   batch 3/6 offset=0 charge=0 total=0 hasMore=False
17:42:19   batch 4/6 offset=0 charge=1 total=1 hasMore=False
17:42:20   batch 5/6 offset=0 charge=2 total=3 hasMore=False
17:42:20   batch 6/6 offset=0 charge=0 total=3 hasMore=False
17:42:20 API OK : 3 contrats (version courante) recuperes en 3s
17:42:20 ATTENTION : 145 contrats non trouves : AG-BIL-1001684_C1, AG-BIL-1002075_C1, AG-BIL-1002814_C1, AG-BIL-1003314_C1, AG-BIL-1003314_C2, AG-BIL-1003314_C3, AG-BIL-1003314_C4, AG-BIL-1003354_C1, AG-BIL-1003379_C1, AG-BIL-1003933-BUVD04601-C1, AG-BIL-1003942_C1, AG-BIL-1003950_C1, AG-BIL-1003955_C1, AG-BIL-1003956_C1, AG-BIL-1004226_C1, AG-BIL-1004233-C1, AG-BIL-1005484-C1, AG-BIL-1006074-C1, AG-BIL-1006087-C1, AG-BIL-1006679-C1, AG-BIL-1006740_C1, AG-BIL-1006784-C1, AG-BIL-1006848-C1, AG-BIL-1007271-C1, AG-BIL-1007494-C1, AG-BIL-1008507-C1, AG-BIL1004215_C1, AG-FR03319FR-0001, AG-FR03319FR-0002, AG-FR03319FR-0003, AG-FR03319FR-0004, AG-FR03319FR-0005, AG-FR03319FR-0006, AG-FR03319FR-0007, AG-FR03319FR-0008, AG-FR03319FR-0009, AG-FR03319FR-0011, AG-FR03319FR-0012, AG-FR03319FR-0013, AG-FR03319FR-0016, AG-FR03319FR-0017, AG-FR03319FR-0018, AG-FR03319FR-0019, AG-FR03319FR-0020, AG-FR03319FR-0022, AG-FR03319FR-0023, AG-FR03319FR-0024, AG-FR03319FR-0025, AG-FR03319FR-0026, AG-FR03319FR-0027, AG-FR03319FR-0028, AG-FR03319FR-0029, AG-FR03319FR-0030, AG-FR03319FR-0031, AG-FR03319FR-0032, AG-FR03319FR-0033, AG-FR03319FR-0034, AG-FR03319FR-0035, AG-FR03319FR-0036, AG-FR03319FR-0038, AG-FR03319FR-0039, AG-FR03319FR-0040, AG-FR03319FR-0041, AG-FR03319FR-0042, AG-FR03319FR-0043, AG-FR03319FR-0045, AG-FR03319FR-0046, AG-FR03319FR-0047, AG-FR03319FR-0048, AG-FR03319FR-0049, AG-FR03319FR-0050, AG-FR03319FR-0052, AG-FR03319FR-0053, AG-FR03319FR-0054, AG-FR03319FR-0055, AG-FR03319FR-0056, AG-FR03319FR-0057, AG-FR03319FR-0058, AG-FR03319FR-0059, AG-FR03319FR-0060, AG-FR03319FR-0061, AG-FR03319FR-0062, AG-FR03319FR-0063, AG-FR03319FR-0064, AG-FR03319FR-0066, AG-FR03319FR-0068, AG-FR03319FR-0069, AG-FR03319FR-0070, AG-FR03319FR-0071, AG-FR03319FR-0072, AG-FR03319FR-0073, AG-FR03319FR-0074, AG-FR03319FR-0075, AG-FR03319FR-0076, AG-FR03319FR-0077, AG-FR03319FR-0077-C1, AG-FR03319FR-0078, AG-FR03319FR-0080, AG-FR03319FR-0081, AG-FR03319FR-0082, AG-FR03319FR-0083, AG-FR03319FR-0084, AG-FR03319FR-0088, AG-FR03319FR-0089, AG-FR03319FR-0090, AG-FR03319FR-0091, AG-FR03319FR-0092, AG-FR03319FR-0093, AG-FR03319FR-0094, AG-FR03319FR-0095, AG-FR03319FR-0097, AG-FR03319FR-0098, AG-FR03319FR-0099, AG-FR03319FR-0100, AG-FR03319FR-0101, AG-FR03319FR-0102, AG-FR03319FR-0104, AG-FR03319FR-0105, AG-FR03319FR-0107, AG-FR03319FR-0108, AG-FR03319FR-0110, AG-FR03319FR-0111, AG-FR03319FR-0112, AG-FR03319FR-0113, AG-FR03319FR-0114, AG-FR03319FR-0115, AG-FR03319FR-0116, AG-FR03319FR-0117, AG-FR03319FR-0119, AG-FR03319FR-0121, AG-FR03319FR-0122, AG-FR03319FR-0123, AG-FR03319FR-10001, AG-FR03319FR-10002, AG-FR03319FR-10007, AG-FR03319FR-10011, AG-FR03319FR-10022, AG-FR03319FR-10034, AG-FR03319FR-10047, AG-FR03319FR-AVSF01402, AG-FR03319FR-BATE66901_C1, AG-FR03319FR-BAUC76101_C1, AG-FR03319FR-BAUE49601_C1, AG-FR03319FR-BAUF85401_C1, AG-FR03319FR-BAUK62501_C1
17:42:20 Total contrats a ecrire : 3
17:42:20 Buffer memoire rempli : 3 lignes en 20 ms
17:42:20 Template source : C:\Users\KillianMathieu\Documents\UiPath\Egis\Egis-Robot1\Data\Input\05-IDF_TEMPLATE_SUBMIT_CONTRACT_V1.0.xlsx
17:42:20 Copie de travail : C:\Users\KILLIA~1\AppData\Local\Temp\OracleContractsExport\05-IDF_TEMPLATE_SUBMIT_CONTRACT_V1.0_20260428_174220.xlsx
17:42:20 Ouverture Excel...
17:42:23 Premiere ligne libre detectee : 6
17:42:23 Excel : ecriture bloc (3 lignes, ligne 6 a 8) en 10 ms
17:42:23 Excel ferme
17:42:23 Fichier final : C:\Users\KillianMathieu\Documents\UiPath\Egis\Egis-Robot1\Data\Output\05-IDF_TEMPLATE_SUBMIT_CONTRACT_V1.0_20260428_174220.xlsx

===== RUN 2026-04-29 09:43:48 =====
09:43:48 User: ERP_PPM_DM.PRISM | Contracts attendus: 148 | Batch: 25 | Output: C:\Users\KillianMathieu\Documents\UiPath\Egis\Egis-Robot1\Data\Output
09:43:48 Decoupage en 6 batch(es) de 25 contrats max
09:43:58   batch 1/6 offset=0 charge=0 total=0 hasMore=False
09:43:59   batch 2/6 offset=0 charge=0 total=0 hasMore=False
09:44:00   batch 3/6 offset=0 charge=0 total=0 hasMore=False
09:44:01   batch 4/6 offset=0 charge=1 total=1 hasMore=False
09:44:06   batch 5/6 offset=0 charge=2 total=3 hasMore=False
09:44:07   batch 6/6 offset=0 charge=0 total=3 hasMore=False
09:44:07 API OK : 3 contrats (version courante) recuperes en 19s
09:44:07 ATTENTION : 145 contrats non trouves : AG-BIL-1001684_C1, AG-BIL-1002075_C1, AG-BIL-1002814_C1, AG-BIL-1003314_C1, AG-BIL-1003314_C2, AG-BIL-1003314_C3, AG-BIL-1003314_C4, AG-BIL-1003354_C1, AG-BIL-1003379_C1, AG-BIL-1003933-BUVD04601-C1, AG-BIL-1003942_C1, AG-BIL-1003950_C1, AG-BIL-1003955_C1, AG-BIL-1003956_C1, AG-BIL-1004226_C1, AG-BIL-1004233-C1, AG-BIL-1005484-C1, AG-BIL-1006074-C1, AG-BIL-1006087-C1, AG-BIL-1006679-C1, AG-BIL-1006740_C1, AG-BIL-1006784-C1, AG-BIL-1006848-C1, AG-BIL-1007271-C1, AG-BIL-1007494-C1, AG-BIL-1008507-C1, AG-BIL1004215_C1, AG-FR03319FR-0001, AG-FR03319FR-0002, AG-FR03319FR-0003, AG-FR03319FR-0004, AG-FR03319FR-0005, AG-FR03319FR-0006, AG-FR03319FR-0007, AG-FR03319FR-0008, AG-FR03319FR-0009, AG-FR03319FR-0011, AG-FR03319FR-0012, AG-FR03319FR-0013, AG-FR03319FR-0016, AG-FR03319FR-0017, AG-FR03319FR-0018, AG-FR03319FR-0019, AG-FR03319FR-0020, AG-FR03319FR-0022, AG-FR03319FR-0023, AG-FR03319FR-0024, AG-FR03319FR-0025, AG-FR03319FR-0026, AG-FR03319FR-0027, AG-FR03319FR-0028, AG-FR03319FR-0029, AG-FR03319FR-0030, AG-FR03319FR-0031, AG-FR03319FR-0032, AG-FR03319FR-0033, AG-FR03319FR-0034, AG-FR03319FR-0035, AG-FR03319FR-0036, AG-FR03319FR-0038, AG-FR03319FR-0039, AG-FR03319FR-0040, AG-FR03319FR-0041, AG-FR03319FR-0042, AG-FR03319FR-0043, AG-FR03319FR-0045, AG-FR03319FR-0046, AG-FR03319FR-0047, AG-FR03319FR-0048, AG-FR03319FR-0049, AG-FR03319FR-0050, AG-FR03319FR-0052, AG-FR03319FR-0053, AG-FR03319FR-0054, AG-FR03319FR-0055, AG-FR03319FR-0056, AG-FR03319FR-0057, AG-FR03319FR-0058, AG-FR03319FR-0059, AG-FR03319FR-0060, AG-FR03319FR-0061, AG-FR03319FR-0062, AG-FR03319FR-0063, AG-FR03319FR-0064, AG-FR03319FR-0066, AG-FR03319FR-0068, AG-FR03319FR-0069, AG-FR03319FR-0070, AG-FR03319FR-0071, AG-FR03319FR-0072, AG-FR03319FR-0073, AG-FR03319FR-0074, AG-FR03319FR-0075, AG-FR03319FR-0076, AG-FR03319FR-0077, AG-FR03319FR-0077-C1, AG-FR03319FR-0078, AG-FR03319FR-0080, AG-FR03319FR-0081, AG-FR03319FR-0082, AG-FR03319FR-0083, AG-FR03319FR-0084, AG-FR03319FR-0088, AG-FR03319FR-0089, AG-FR03319FR-0090, AG-FR03319FR-0091, AG-FR03319FR-0092, AG-FR03319FR-0093, AG-FR03319FR-0094, AG-FR03319FR-0095, AG-FR03319FR-0097, AG-FR03319FR-0098, AG-FR03319FR-0099, AG-FR03319FR-0100, AG-FR03319FR-0101, AG-FR03319FR-0102, AG-FR03319FR-0104, AG-FR03319FR-0105, AG-FR03319FR-0107, AG-FR03319FR-0108, AG-FR03319FR-0110, AG-FR03319FR-0111, AG-FR03319FR-0112, AG-FR03319FR-0113, AG-FR03319FR-0114, AG-FR03319FR-0115, AG-FR03319FR-0116, AG-FR03319FR-0117, AG-FR03319FR-0119, AG-FR03319FR-0121, AG-FR03319FR-0122, AG-FR03319FR-0123, AG-FR03319FR-10001, AG-FR03319FR-10002, AG-FR03319FR-10007, AG-FR03319FR-10011, AG-FR03319FR-10022, AG-FR03319FR-10034, AG-FR03319FR-10047, AG-FR03319FR-AVSF01402, AG-FR03319FR-BATE66901_C1, AG-FR03319FR-BAUC76101_C1, AG-FR03319FR-BAUE49601_C1, AG-FR03319FR-BAUF85401_C1, AG-FR03319FR-BAUK62501_C1
09:44:07 Total contrats a ecrire : 3
09:44:07 Buffer memoire rempli : 3 lignes en 40 ms
09:44:07 Template source : C:\Users\KillianMathieu\Documents\UiPath\Egis\Egis-Robot1\Data\Input\05-IDF_TEMPLATE_SUBMIT_CONTRACT_V1.0.xlsx
09:44:07 Copie de travail : C:\Users\KILLIA~1\AppData\Local\Temp\OracleContractsExport\05-IDF_TEMPLATE_SUBMIT_CONTRACT_V1.0_20260429_094407.xlsx
09:44:07 Ouverture Excel...
09:44:13 Premiere ligne libre detectee : 6
09:44:14 Excel : ecriture bloc (3 lignes, ligne 6 a 8) en 27 ms
09:44:14 Excel ferme
09:44:14 Fichier final : C:\Users\KillianMathieu\Documents\UiPath\Egis\Egis-Robot1\Data\Output\05-IDF_TEMPLATE_SUBMIT_CONTRACT_V1.0_20260429_094407.xlsx

===== RUN 2026-04-29 09:51:54 =====
09:51:55 User: ERP_PPM_DM.PRISM | Contracts attendus: 148 | Batch: 25 | Output: C:\Users\KillianMathieu\Documents\UiPath\Egis\Egis-Robot1\Data\Output
09:51:55 Decoupage en 6 batch(es) de 25 contrats max
09:51:56   batch 1/6 offset=0 charge=0 total=0 hasMore=False
09:51:56   batch 2/6 offset=0 charge=0 total=0 hasMore=False
09:51:57   batch 3/6 offset=0 charge=0 total=0 hasMore=False
09:51:58   batch 4/6 offset=0 charge=1 total=1 hasMore=False
09:51:59   batch 5/6 offset=0 charge=2 total=3 hasMore=False
09:51:59   batch 6/6 offset=0 charge=0 total=3 hasMore=False
09:51:59 API OK : 3 contrats (version courante) recuperes en 4s
09:51:59 ATTENTION : 145 contrats non trouves : AG-BIL-1001684_C1, AG-BIL-1002075_C1, AG-BIL-1002814_C1, AG-BIL-1003314_C1, AG-BIL-1003314_C2, AG-BIL-1003314_C3, AG-BIL-1003314_C4, AG-BIL-1003354_C1, AG-BIL-1003379_C1, AG-BIL-1003933-BUVD04601-C1, AG-BIL-1003942_C1, AG-BIL-1003950_C1, AG-BIL-1003955_C1, AG-BIL-1003956_C1, AG-BIL-1004226_C1, AG-BIL-1004233-C1, AG-BIL-1005484-C1, AG-BIL-1006074-C1, AG-BIL-1006087-C1, AG-BIL-1006679-C1, AG-BIL-1006740_C1, AG-BIL-1006784-C1, AG-BIL-1006848-C1, AG-BIL-1007271-C1, AG-BIL-1007494-C1, AG-BIL-1008507-C1, AG-BIL1004215_C1, AG-FR03319FR-0001, AG-FR03319FR-0002, AG-FR03319FR-0003, AG-FR03319FR-0004, AG-FR03319FR-0005, AG-FR03319FR-0006, AG-FR03319FR-0007, AG-FR03319FR-0008, AG-FR03319FR-0009, AG-FR03319FR-0011, AG-FR03319FR-0012, AG-FR03319FR-0013, AG-FR03319FR-0016, AG-FR03319FR-0017, AG-FR03319FR-0018, AG-FR03319FR-0019, AG-FR03319FR-0020, AG-FR03319FR-0022, AG-FR03319FR-0023, AG-FR03319FR-0024, AG-FR03319FR-0025, AG-FR03319FR-0026, AG-FR03319FR-0027, AG-FR03319FR-0028, AG-FR03319FR-0029, AG-FR03319FR-0030, AG-FR03319FR-0031, AG-FR03319FR-0032, AG-FR03319FR-0033, AG-FR03319FR-0034, AG-FR03319FR-0035, AG-FR03319FR-0036, AG-FR03319FR-0038, AG-FR03319FR-0039, AG-FR03319FR-0040, AG-FR03319FR-0041, AG-FR03319FR-0042, AG-FR03319FR-0043, AG-FR03319FR-0045, AG-FR03319FR-0046, AG-FR03319FR-0047, AG-FR03319FR-0048, AG-FR03319FR-0049, AG-FR03319FR-0050, AG-FR03319FR-0052, AG-FR03319FR-0053, AG-FR03319FR-0054, AG-FR03319FR-0055, AG-FR03319FR-0056, AG-FR03319FR-0057, AG-FR03319FR-0058, AG-FR03319FR-0059, AG-FR03319FR-0060, AG-FR03319FR-0061, AG-FR03319FR-0062, AG-FR03319FR-0063, AG-FR03319FR-0064, AG-FR03319FR-0066, AG-FR03319FR-0068, AG-FR03319FR-0069, AG-FR03319FR-0070, AG-FR03319FR-0071, AG-FR03319FR-0072, AG-FR03319FR-0073, AG-FR03319FR-0074, AG-FR03319FR-0075, AG-FR03319FR-0076, AG-FR03319FR-0077, AG-FR03319FR-0077-C1, AG-FR03319FR-0078, AG-FR03319FR-0080, AG-FR03319FR-0081, AG-FR03319FR-0082, AG-FR03319FR-0083, AG-FR03319FR-0084, AG-FR03319FR-0088, AG-FR03319FR-0089, AG-FR03319FR-0090, AG-FR03319FR-0091, AG-FR03319FR-0092, AG-FR03319FR-0093, AG-FR03319FR-0094, AG-FR03319FR-0095, AG-FR03319FR-0097, AG-FR03319FR-0098, AG-FR03319FR-0099, AG-FR03319FR-0100, AG-FR03319FR-0101, AG-FR03319FR-0102, AG-FR03319FR-0104, AG-FR03319FR-0105, AG-FR03319FR-0107, AG-FR03319FR-0108, AG-FR03319FR-0110, AG-FR03319FR-0111, AG-FR03319FR-0112, AG-FR03319FR-0113, AG-FR03319FR-0114, AG-FR03319FR-0115, AG-FR03319FR-0116, AG-FR03319FR-0117, AG-FR03319FR-0119, AG-FR03319FR-0121, AG-FR03319FR-0122, AG-FR03319FR-0123, AG-FR03319FR-10001, AG-FR03319FR-10002, AG-FR03319FR-10007, AG-FR03319FR-10011, AG-FR03319FR-10022, AG-FR03319FR-10034, AG-FR03319FR-10047, AG-FR03319FR-AVSF01402, AG-FR03319FR-BATE66901_C1, AG-FR03319FR-BAUC76101_C1, AG-FR03319FR-BAUE49601_C1, AG-FR03319FR-BAUF85401_C1, AG-FR03319FR-BAUK62501_C1
09:51:59 Total contrats a ecrire : 3
09:51:59 Buffer memoire rempli : 3 lignes en 43 ms
09:51:59 Template source : C:\Users\KillianMathieu\Documents\UiPath\Egis\Egis-Robot1\Data\Input\05-IDF_TEMPLATE_SUBMIT_CONTRACT_V1.0.xlsx
09:51:59 Copie de travail : C:\Users\KILLIA~1\AppData\Local\Temp\OracleContractsExport\05-IDF_TEMPLATE_SUBMIT_CONTRACT_V1.0_20260429_095159.xlsx
09:51:59 Ouverture Excel...
09:52:04 Premiere ligne libre detectee : 6
09:52:05 Excel : ecriture bloc (3 lignes, ligne 6 a 8) en 12 ms
09:52:05 Excel ferme
09:52:05 Fichier final : C:\Users\KillianMathieu\Documents\UiPath\Egis\Egis-Robot1\Data\Output\05-IDF_TEMPLATE_SUBMIT_CONTRACT_V1.0_20260429_095159.xlsx

===== RUN 2026-04-29 09:55:39 =====
09:55:39 User: ERP_PPM_DM.PRISM | Contracts attendus: 148 | Batch: 25 | Output: C:\Users\KillianMathieu\Documents\UiPath\Egis\Egis-Robot1\Data\Output
09:55:39 Decoupage en 6 batch(es) de 25 contrats max
09:55:41   batch 1/6 offset=0 charge=0 total=0 hasMore=False
09:55:41   batch 2/6 offset=0 charge=0 total=0 hasMore=False
09:55:41   batch 3/6 offset=0 charge=0 total=0 hasMore=False
09:55:42   batch 4/6 offset=0 charge=1 total=1 hasMore=False
09:55:44   batch 5/6 offset=0 charge=2 total=3 hasMore=False
09:55:45   batch 6/6 offset=0 charge=0 total=3 hasMore=False
09:55:45 API OK : 3 contrats (version courante) recuperes en 5s
09:55:45 ATTENTION : 145 contrats non trouves : AG-BIL-1001684_C1, AG-BIL-1002075_C1, AG-BIL-1002814_C1, AG-BIL-1003314_C1, AG-BIL-1003314_C2, AG-BIL-1003314_C3, AG-BIL-1003314_C4, AG-BIL-1003354_C1, AG-BIL-1003379_C1, AG-BIL-1003933-BUVD04601-C1, AG-BIL-1003942_C1, AG-BIL-1003950_C1, AG-BIL-1003955_C1, AG-BIL-1003956_C1, AG-BIL-1004226_C1, AG-BIL-1004233-C1, AG-BIL-1005484-C1, AG-BIL-1006074-C1, AG-BIL-1006087-C1, AG-BIL-1006679-C1, AG-BIL-1006740_C1, AG-BIL-1006784-C1, AG-BIL-1006848-C1, AG-BIL-1007271-C1, AG-BIL-1007494-C1, AG-BIL-1008507-C1, AG-BIL1004215_C1, AG-FR03319FR-0001, AG-FR03319FR-0002, AG-FR03319FR-0003, AG-FR03319FR-0004, AG-FR03319FR-0005, AG-FR03319FR-0006, AG-FR03319FR-0007, AG-FR03319FR-0008, AG-FR03319FR-0009, AG-FR03319FR-0011, AG-FR03319FR-0012, AG-FR03319FR-0013, AG-FR03319FR-0016, AG-FR03319FR-0017, AG-FR03319FR-0018, AG-FR03319FR-0019, AG-FR03319FR-0020, AG-FR03319FR-0022, AG-FR03319FR-0023, AG-FR03319FR-0024, AG-FR03319FR-0025, AG-FR03319FR-0026, AG-FR03319FR-0027, AG-FR03319FR-0028, AG-FR03319FR-0029, AG-FR03319FR-0030, AG-FR03319FR-0031, AG-FR03319FR-0032, AG-FR03319FR-0033, AG-FR03319FR-0034, AG-FR03319FR-0035, AG-FR03319FR-0036, AG-FR03319FR-0038, AG-FR03319FR-0039, AG-FR03319FR-0040, AG-FR03319FR-0041, AG-FR03319FR-0042, AG-FR03319FR-0043, AG-FR03319FR-0045, AG-FR03319FR-0046, AG-FR03319FR-0047, AG-FR03319FR-0048, AG-FR03319FR-0049, AG-FR03319FR-0050, AG-FR03319FR-0052, AG-FR03319FR-0053, AG-FR03319FR-0054, AG-FR03319FR-0055, AG-FR03319FR-0056, AG-FR03319FR-0057, AG-FR03319FR-0058, AG-FR03319FR-0059, AG-FR03319FR-0060, AG-FR03319FR-0061, AG-FR03319FR-0062, AG-FR03319FR-0063, AG-FR03319FR-0064, AG-FR03319FR-0066, AG-FR03319FR-0068, AG-FR03319FR-0069, AG-FR03319FR-0070, AG-FR03319FR-0071, AG-FR03319FR-0072, AG-FR03319FR-0073, AG-FR03319FR-0074, AG-FR03319FR-0075, AG-FR03319FR-0076, AG-FR03319FR-0077, AG-FR03319FR-0077-C1, AG-FR03319FR-0078, AG-FR03319FR-0080, AG-FR03319FR-0081, AG-FR03319FR-0082, AG-FR03319FR-0083, AG-FR03319FR-0084, AG-FR03319FR-0088, AG-FR03319FR-0089, AG-FR03319FR-0090, AG-FR03319FR-0091, AG-FR03319FR-0092, AG-FR03319FR-0093, AG-FR03319FR-0094, AG-FR03319FR-0095, AG-FR03319FR-0097, AG-FR03319FR-0098, AG-FR03319FR-0099, AG-FR03319FR-0100, AG-FR03319FR-0101, AG-FR03319FR-0102, AG-FR03319FR-0104, AG-FR03319FR-0105, AG-FR03319FR-0107, AG-FR03319FR-0108, AG-FR03319FR-0110, AG-FR03319FR-0111, AG-FR03319FR-0112, AG-FR03319FR-0113, AG-FR03319FR-0114, AG-FR03319FR-0115, AG-FR03319FR-0116, AG-FR03319FR-0117, AG-FR03319FR-0119, AG-FR03319FR-0121, AG-FR03319FR-0122, AG-FR03319FR-0123, AG-FR03319FR-10001, AG-FR03319FR-10002, AG-FR03319FR-10007, AG-FR03319FR-10011, AG-FR03319FR-10022, AG-FR03319FR-10034, AG-FR03319FR-10047, AG-FR03319FR-AVSF01402, AG-FR03319FR-BATE66901_C1, AG-FR03319FR-BAUC76101_C1, AG-FR03319FR-BAUE49601_C1, AG-FR03319FR-BAUF85401_C1, AG-FR03319FR-BAUK62501_C1
09:55:45 Total contrats a ecrire : 3
09:55:45 Buffer memoire rempli : 3 lignes en 32 ms
09:55:45 Template source : C:\Users\KillianMathieu\Documents\UiPath\Egis\Egis-Robot1\Data\Input\05-IDF_TEMPLATE_SUBMIT_CONTRACT_V1.0.xlsx
09:55:45 Copie de travail : C:\Users\KILLIA~1\AppData\Local\Temp\OracleContractsExport\05-IDF_TEMPLATE_SUBMIT_CONTRACT_V1.0_20260429_095545.xlsx
09:55:45 Ouverture Excel...
09:55:49 Premiere ligne libre detectee : 6
09:55:50 Excel : ecriture bloc (3 lignes, ligne 6 a 8) en 13 ms
09:55:50 Excel ferme
09:55:50 Fichier final : C:\Users\KillianMathieu\Documents\UiPath\Egis\Egis-Robot1\Data\Output\05-IDF_TEMPLATE_SUBMIT_CONTRACT_V1.0_20260429_095545.xlsx

===== RUN 2026-04-29 10:13:03 =====
10:13:03 User: ERP_PPM_DM.PRISM | Contracts attendus: 148 | Batch: 25 | Output: C:\Users\KillianMathieu\Documents\UiPath\Egis\Egis-Robot1\Data\Output
10:13:03 Decoupage en 6 batch(es) de 25 contrats max
10:13:03   batch 1/6 offset=0 charge=0 total=0 hasMore=False
10:13:04   batch 2/6 offset=0 charge=0 total=0 hasMore=False
10:13:04   batch 3/6 offset=0 charge=0 total=0 hasMore=False
10:13:05   batch 4/6 offset=0 charge=1 total=1 hasMore=False
10:13:07   batch 5/6 offset=0 charge=2 total=3 hasMore=False
10:13:07   batch 6/6 offset=0 charge=0 total=3 hasMore=False
10:13:07 API OK : 3 contrats (version courante) recuperes en 5s
10:13:07 ATTENTION : 145 contrats non trouves : AG-BIL-1001684_C1, AG-BIL-1002075_C1, AG-BIL-1002814_C1, AG-BIL-1003314_C1, AG-BIL-1003314_C2, AG-BIL-1003314_C3, AG-BIL-1003314_C4, AG-BIL-1003354_C1, AG-BIL-1003379_C1, AG-BIL-1003933-BUVD04601-C1, AG-BIL-1003942_C1, AG-BIL-1003950_C1, AG-BIL-1003955_C1, AG-BIL-1003956_C1, AG-BIL-1004226_C1, AG-BIL-1004233-C1, AG-BIL-1005484-C1, AG-BIL-1006074-C1, AG-BIL-1006087-C1, AG-BIL-1006679-C1, AG-BIL-1006740_C1, AG-BIL-1006784-C1, AG-BIL-1006848-C1, AG-BIL-1007271-C1, AG-BIL-1007494-C1, AG-BIL-1008507-C1, AG-BIL1004215_C1, AG-FR03319FR-0001, AG-FR03319FR-0002, AG-FR03319FR-0003, AG-FR03319FR-0004, AG-FR03319FR-0005, AG-FR03319FR-0006, AG-FR03319FR-0007, AG-FR03319FR-0008, AG-FR03319FR-0009, AG-FR03319FR-0011, AG-FR03319FR-0012, AG-FR03319FR-0013, AG-FR03319FR-0016, AG-FR03319FR-0017, AG-FR03319FR-0018, AG-FR03319FR-0019, AG-FR03319FR-0020, AG-FR03319FR-0022, AG-FR03319FR-0023, AG-FR03319FR-0024, AG-FR03319FR-0025, AG-FR03319FR-0026, AG-FR03319FR-0027, AG-FR03319FR-0028, AG-FR03319FR-0029, AG-FR03319FR-0030, AG-FR03319FR-0031, AG-FR03319FR-0032, AG-FR03319FR-0033, AG-FR03319FR-0034, AG-FR03319FR-0035, AG-FR03319FR-0036, AG-FR03319FR-0038, AG-FR03319FR-0039, AG-FR03319FR-0040, AG-FR03319FR-0041, AG-FR03319FR-0042, AG-FR03319FR-0043, AG-FR03319FR-0045, AG-FR03319FR-0046, AG-FR03319FR-0047, AG-FR03319FR-0048, AG-FR03319FR-0049, AG-FR03319FR-0050, AG-FR03319FR-0052, AG-FR03319FR-0053, AG-FR03319FR-0054, AG-FR03319FR-0055, AG-FR03319FR-0056, AG-FR03319FR-0057, AG-FR03319FR-0058, AG-FR03319FR-0059, AG-FR03319FR-0060, AG-FR03319FR-0061, AG-FR03319FR-0062, AG-FR03319FR-0063, AG-FR03319FR-0064, AG-FR03319FR-0066, AG-FR03319FR-0068, AG-FR03319FR-0069, AG-FR03319FR-0070, AG-FR03319FR-0071, AG-FR03319FR-0072, AG-FR03319FR-0073, AG-FR03319FR-0074, AG-FR03319FR-0075, AG-FR03319FR-0076, AG-FR03319FR-0077, AG-FR03319FR-0077-C1, AG-FR03319FR-0078, AG-FR03319FR-0080, AG-FR03319FR-0081, AG-FR03319FR-0082, AG-FR03319FR-0083, AG-FR03319FR-0084, AG-FR03319FR-0088, AG-FR03319FR-0089, AG-FR03319FR-0090, AG-FR03319FR-0091, AG-FR03319FR-0092, AG-FR03319FR-0093, AG-FR03319FR-0094, AG-FR03319FR-0095, AG-FR03319FR-0097, AG-FR03319FR-0098, AG-FR03319FR-0099, AG-FR03319FR-0100, AG-FR03319FR-0101, AG-FR03319FR-0102, AG-FR03319FR-0104, AG-FR03319FR-0105, AG-FR03319FR-0107, AG-FR03319FR-0108, AG-FR03319FR-0110, AG-FR03319FR-0111, AG-FR03319FR-0112, AG-FR03319FR-0113, AG-FR03319FR-0114, AG-FR03319FR-0115, AG-FR03319FR-0116, AG-FR03319FR-0117, AG-FR03319FR-0119, AG-FR03319FR-0121, AG-FR03319FR-0122, AG-FR03319FR-0123, AG-FR03319FR-10001, AG-FR03319FR-10002, AG-FR03319FR-10007, AG-FR03319FR-10011, AG-FR03319FR-10022, AG-FR03319FR-10034, AG-FR03319FR-10047, AG-FR03319FR-AVSF01402, AG-FR03319FR-BATE66901_C1, AG-FR03319FR-BAUC76101_C1, AG-FR03319FR-BAUE49601_C1, AG-FR03319FR-BAUF85401_C1, AG-FR03319FR-BAUK62501_C1
10:13:07 Total contrats a ecrire : 3
10:13:07 Buffer memoire rempli : 3 lignes en 35 ms
10:13:07 Template source : C:\Users\KillianMathieu\Documents\UiPath\Egis\Egis-Robot1\Data\Input\05-IDF_TEMPLATE_SUBMIT_CONTRACT_V1.0.xlsx
10:13:07 Copie de travail : C:\Users\KILLIA~1\AppData\Local\Temp\OracleContractsExport\05-IDF_TEMPLATE_SUBMIT_CONTRACT_V1.0_20260429_101307.xlsx
10:13:07 Ouverture Excel...
10:13:12 Premiere ligne libre detectee : 6
10:13:12 Excel : ecriture bloc (3 lignes, ligne 6 a 8) en 12 ms
10:13:13 Excel ferme
10:13:13 Fichier final : C:\Users\KillianMathieu\Documents\UiPath\Egis\Egis-Robot1\Data\Output\05-IDF_TEMPLATE_SUBMIT_CONTRACT_V1.0_20260429_101307.xlsx

===== RUN 2026-04-29 10:23:32 =====
10:23:32 User: ERP_PPM_DM.PRISM | Contracts attendus: 148 | Batch: 25 | Output: C:\Users\KillianMathieu\Documents\UiPath\Egis\Egis-Robot1\Data\Output
10:23:32 Decoupage en 6 batch(es) de 25 contrats max
10:23:33   batch 1/6 offset=0 charge=0 total=0 hasMore=False
10:23:34   batch 2/6 offset=0 charge=0 total=0 hasMore=False
10:23:34   batch 3/6 offset=0 charge=0 total=0 hasMore=False
10:23:35   batch 4/6 offset=0 charge=1 total=1 hasMore=False
10:23:36   batch 5/6 offset=0 charge=2 total=3 hasMore=False
10:23:37   batch 6/6 offset=0 charge=0 total=3 hasMore=False
10:23:37 API OK : 3 contrats (version courante) recuperes en 4s
10:23:37 ATTENTION : 145 contrats non trouves : AG-BIL-1001684_C1, AG-BIL-1002075_C1, AG-BIL-1002814_C1, AG-BIL-1003314_C1, AG-BIL-1003314_C2, AG-BIL-1003314_C3, AG-BIL-1003314_C4, AG-BIL-1003354_C1, AG-BIL-1003379_C1, AG-BIL-1003933-BUVD04601-C1, AG-BIL-1003942_C1, AG-BIL-1003950_C1, AG-BIL-1003955_C1, AG-BIL-1003956_C1, AG-BIL-1004226_C1, AG-BIL-1004233-C1, AG-BIL-1005484-C1, AG-BIL-1006074-C1, AG-BIL-1006087-C1, AG-BIL-1006679-C1, AG-BIL-1006740_C1, AG-BIL-1006784-C1, AG-BIL-1006848-C1, AG-BIL-1007271-C1, AG-BIL-1007494-C1, AG-BIL-1008507-C1, AG-BIL1004215_C1, AG-FR03319FR-0001, AG-FR03319FR-0002, AG-FR03319FR-0003, AG-FR03319FR-0004, AG-FR03319FR-0005, AG-FR03319FR-0006, AG-FR03319FR-0007, AG-FR03319FR-0008, AG-FR03319FR-0009, AG-FR03319FR-0011, AG-FR03319FR-0012, AG-FR03319FR-0013, AG-FR03319FR-0016, AG-FR03319FR-0017, AG-FR03319FR-0018, AG-FR03319FR-0019, AG-FR03319FR-0020, AG-FR03319FR-0022, AG-FR03319FR-0023, AG-FR03319FR-0024, AG-FR03319FR-0025, AG-FR03319FR-0026, AG-FR03319FR-0027, AG-FR03319FR-0028, AG-FR03319FR-0029, AG-FR03319FR-0030, AG-FR03319FR-0031, AG-FR03319FR-0032, AG-FR03319FR-0033, AG-FR03319FR-0034, AG-FR03319FR-0035, AG-FR03319FR-0036, AG-FR03319FR-0038, AG-FR03319FR-0039, AG-FR03319FR-0040, AG-FR03319FR-0041, AG-FR03319FR-0042, AG-FR03319FR-0043, AG-FR03319FR-0045, AG-FR03319FR-0046, AG-FR03319FR-0047, AG-FR03319FR-0048, AG-FR03319FR-0049, AG-FR03319FR-0050, AG-FR03319FR-0052, AG-FR03319FR-0053, AG-FR03319FR-0054, AG-FR03319FR-0055, AG-FR03319FR-0056, AG-FR03319FR-0057, AG-FR03319FR-0058, AG-FR03319FR-0059, AG-FR03319FR-0060, AG-FR03319FR-0061, AG-FR03319FR-0062, AG-FR03319FR-0063, AG-FR03319FR-0064, AG-FR03319FR-0066, AG-FR03319FR-0068, AG-FR03319FR-0069, AG-FR03319FR-0070, AG-FR03319FR-0071, AG-FR03319FR-0072, AG-FR03319FR-0073, AG-FR03319FR-0074, AG-FR03319FR-0075, AG-FR03319FR-0076, AG-FR03319FR-0077, AG-FR03319FR-0077-C1, AG-FR03319FR-0078, AG-FR03319FR-0080, AG-FR03319FR-0081, AG-FR03319FR-0082, AG-FR03319FR-0083, AG-FR03319FR-0084, AG-FR03319FR-0088, AG-FR03319FR-0089, AG-FR03319FR-0090, AG-FR03319FR-0091, AG-FR03319FR-0092, AG-FR03319FR-0093, AG-FR03319FR-0094, AG-FR03319FR-0095, AG-FR03319FR-0097, AG-FR03319FR-0098, AG-FR03319FR-0099, AG-FR03319FR-0100, AG-FR03319FR-0101, AG-FR03319FR-0102, AG-FR03319FR-0104, AG-FR03319FR-0105, AG-FR03319FR-0107, AG-FR03319FR-0108, AG-FR03319FR-0110, AG-FR03319FR-0111, AG-FR03319FR-0112, AG-FR03319FR-0113, AG-FR03319FR-0114, AG-FR03319FR-0115, AG-FR03319FR-0116, AG-FR03319FR-0117, AG-FR03319FR-0119, AG-FR03319FR-0121, AG-FR03319FR-0122, AG-FR03319FR-0123, AG-FR03319FR-10001, AG-FR03319FR-10002, AG-FR03319FR-10007, AG-FR03319FR-10011, AG-FR03319FR-10022, AG-FR03319FR-10034, AG-FR03319FR-10047, AG-FR03319FR-AVSF01402, AG-FR03319FR-BATE66901_C1, AG-FR03319FR-BAUC76101_C1, AG-FR03319FR-BAUE49601_C1, AG-FR03319FR-BAUF85401_C1, AG-FR03319FR-BAUK62501_C1
10:23:37 Total contrats a ecrire : 3
10:23:37 Buffer memoire rempli : 3 lignes en 41 ms
10:23:37 Template source : C:\Users\KillianMathieu\Documents\UiPath\Egis\Egis-Robot1\Data\Input\05-IDF_TEMPLATE_SUBMIT_CONTRACT_V1.0.xlsx
10:23:37 Copie de travail : C:\Users\KILLIA~1\AppData\Local\Temp\OracleContractsExport\05-IDF_TEMPLATE_SUBMIT_CONTRACT_V1.0_20260429_102337.xlsx
10:23:37 Ouverture Excel...
10:23:42 Premiere ligne libre detectee : 6
10:23:42 Excel : ecriture bloc (3 lignes, ligne 6 a 8) en 14 ms
10:23:42 Excel ferme
10:23:42 Fichier final : C:\Users\KillianMathieu\Documents\UiPath\Egis\Egis-Robot1\Data\Output\05-IDF_TEMPLATE_SUBMIT_CONTRACT_V1.0_20260429_102337.xlsx

===== RUN 2026-04-29 10:32:30 =====
10:32:30 User: ERP_PPM_DM.PRISM | Contracts attendus: 148 | Batch: 25 | Output: C:\Users\KillianMathieu\Documents\UiPath\Egis\Egis-Robot1\Data\Output
10:32:30 Decoupage en 6 batch(es) de 25 contrats max
10:32:31   batch 1/6 offset=0 charge=0 total=0 hasMore=False
10:32:32   batch 2/6 offset=0 charge=0 total=0 hasMore=False
10:32:32   batch 3/6 offset=0 charge=0 total=0 hasMore=False
10:32:33   batch 4/6 offset=0 charge=1 total=1 hasMore=False
10:32:35   batch 5/6 offset=0 charge=2 total=3 hasMore=False
10:32:36   batch 6/6 offset=0 charge=0 total=3 hasMore=False
10:32:36 API OK : 3 contrats (version courante) recuperes en 6s
10:32:36 ATTENTION : 145 contrats non trouves : AG-BIL-1001684_C1, AG-BIL-1002075_C1, AG-BIL-1002814_C1, AG-BIL-1003314_C1, AG-BIL-1003314_C2, AG-BIL-1003314_C3, AG-BIL-1003314_C4, AG-BIL-1003354_C1, AG-BIL-1003379_C1, AG-BIL-1003933-BUVD04601-C1, AG-BIL-1003942_C1, AG-BIL-1003950_C1, AG-BIL-1003955_C1, AG-BIL-1003956_C1, AG-BIL-1004226_C1, AG-BIL-1004233-C1, AG-BIL-1005484-C1, AG-BIL-1006074-C1, AG-BIL-1006087-C1, AG-BIL-1006679-C1, AG-BIL-1006740_C1, AG-BIL-1006784-C1, AG-BIL-1006848-C1, AG-BIL-1007271-C1, AG-BIL-1007494-C1, AG-BIL-1008507-C1, AG-BIL1004215_C1, AG-FR03319FR-0001, AG-FR03319FR-0002, AG-FR03319FR-0003, AG-FR03319FR-0004, AG-FR03319FR-0005, AG-FR03319FR-0006, AG-FR03319FR-0007, AG-FR03319FR-0008, AG-FR03319FR-0009, AG-FR03319FR-0011, AG-FR03319FR-0012, AG-FR03319FR-0013, AG-FR03319FR-0016, AG-FR03319FR-0017, AG-FR03319FR-0018, AG-FR03319FR-0019, AG-FR03319FR-0020, AG-FR03319FR-0022, AG-FR03319FR-0023, AG-FR03319FR-0024, AG-FR03319FR-0025, AG-FR03319FR-0026, AG-FR03319FR-0027, AG-FR03319FR-0028, AG-FR03319FR-0029, AG-FR03319FR-0030, AG-FR03319FR-0031, AG-FR03319FR-0032, AG-FR03319FR-0033, AG-FR03319FR-0034, AG-FR03319FR-0035, AG-FR03319FR-0036, AG-FR03319FR-0038, AG-FR03319FR-0039, AG-FR03319FR-0040, AG-FR03319FR-0041, AG-FR03319FR-0042, AG-FR03319FR-0043, AG-FR03319FR-0045, AG-FR03319FR-0046, AG-FR03319FR-0047, AG-FR03319FR-0048, AG-FR03319FR-0049, AG-FR03319FR-0050, AG-FR03319FR-0052, AG-FR03319FR-0053, AG-FR03319FR-0054, AG-FR03319FR-0055, AG-FR03319FR-0056, AG-FR03319FR-0057, AG-FR03319FR-0058, AG-FR03319FR-0059, AG-FR03319FR-0060, AG-FR03319FR-0061, AG-FR03319FR-0062, AG-FR03319FR-0063, AG-FR03319FR-0064, AG-FR03319FR-0066, AG-FR03319FR-0068, AG-FR03319FR-0069, AG-FR03319FR-0070, AG-FR03319FR-0071, AG-FR03319FR-0072, AG-FR03319FR-0073, AG-FR03319FR-0074, AG-FR03319FR-0075, AG-FR03319FR-0076, AG-FR03319FR-0077, AG-FR03319FR-0077-C1, AG-FR03319FR-0078, AG-FR03319FR-0080, AG-FR03319FR-0081, AG-FR03319FR-0082, AG-FR03319FR-0083, AG-FR03319FR-0084, AG-FR03319FR-0088, AG-FR03319FR-0089, AG-FR03319FR-0090, AG-FR03319FR-0091, AG-FR03319FR-0092, AG-FR03319FR-0093, AG-FR03319FR-0094, AG-FR03319FR-0095, AG-FR03319FR-0097, AG-FR03319FR-0098, AG-FR03319FR-0099, AG-FR03319FR-0100, AG-FR03319FR-0101, AG-FR03319FR-0102, AG-FR03319FR-0104, AG-FR03319FR-0105, AG-FR03319FR-0107, AG-FR03319FR-0108, AG-FR03319FR-0110, AG-FR03319FR-0111, AG-FR03319FR-0112, AG-FR03319FR-0113, AG-FR03319FR-0114, AG-FR03319FR-0115, AG-FR03319FR-0116, AG-FR03319FR-0117, AG-FR03319FR-0119, AG-FR03319FR-0121, AG-FR03319FR-0122, AG-FR03319FR-0123, AG-FR03319FR-10001, AG-FR03319FR-10002, AG-FR03319FR-10007, AG-FR03319FR-10011, AG-FR03319FR-10022, AG-FR03319FR-10034, AG-FR03319FR-10047, AG-FR03319FR-AVSF01402, AG-FR03319FR-BATE66901_C1, AG-FR03319FR-BAUC76101_C1, AG-FR03319FR-BAUE49601_C1, AG-FR03319FR-BAUF85401_C1, AG-FR03319FR-BAUK62501_C1
10:32:36 Total contrats a ecrire : 3
10:32:36 Buffer memoire rempli : 3 lignes en 46 ms
10:32:36 Template source : C:\Users\KillianMathieu\Documents\UiPath\Egis\Egis-Robot1\Data\Input\05-IDF_TEMPLATE_SUBMIT_CONTRACT_V1.0.xlsx
10:32:36 Copie de travail : C:\Users\KILLIA~1\AppData\Local\Temp\OracleContractsExport\05-IDF_TEMPLATE_SUBMIT_CONTRACT_V1.0_20260429_103236.xlsx
10:32:36 Ouverture Excel...
10:32:41 Premiere ligne libre detectee : 6
10:32:41 Excel : ecriture bloc (3 lignes, ligne 6 a 8) en 13 ms
10:32:42 Excel ferme
10:32:42 Fichier final : C:\Users\KillianMathieu\Documents\UiPath\Egis\Egis-Robot1\Data\Output\05-IDF_TEMPLATE_SUBMIT_CONTRACT_V1.0_20260429_103236.xlsx

===== RUN 2026-04-29 11:37:50 =====
11:37:51 User: ERP_PPM_DM.PRISM | Contracts attendus: 148 | Batch: 25 | Output: C:\Users\KillianMathieu\Documents\UiPath\Egis\Egis-Robot1\Data\Output
11:37:51 Decoupage en 6 batch(es) de 25 contrats max
11:37:52   batch 1/6 offset=0 charge=0 total=0 hasMore=False
11:37:52   batch 2/6 offset=0 charge=0 total=0 hasMore=False
11:37:53   batch 3/6 offset=0 charge=0 total=0 hasMore=False
11:37:54   batch 4/6 offset=0 charge=1 total=1 hasMore=False
11:37:55   batch 5/6 offset=0 charge=2 total=3 hasMore=False
11:37:55   batch 6/6 offset=0 charge=0 total=3 hasMore=False
11:37:55 API OK : 3 contrats (version courante) recuperes en 4s
11:37:55 ATTENTION : 145 contrats non trouves : AG-BIL-1001684_C1, AG-BIL-1002075_C1, AG-BIL-1002814_C1, AG-BIL-1003314_C1, AG-BIL-1003314_C2, AG-BIL-1003314_C3, AG-BIL-1003314_C4, AG-BIL-1003354_C1, AG-BIL-1003379_C1, AG-BIL-1003933-BUVD04601-C1, AG-BIL-1003942_C1, AG-BIL-1003950_C1, AG-BIL-1003955_C1, AG-BIL-1003956_C1, AG-BIL-1004226_C1, AG-BIL-1004233-C1, AG-BIL-1005484-C1, AG-BIL-1006074-C1, AG-BIL-1006087-C1, AG-BIL-1006679-C1, AG-BIL-1006740_C1, AG-BIL-1006784-C1, AG-BIL-1006848-C1, AG-BIL-1007271-C1, AG-BIL-1007494-C1, AG-BIL-1008507-C1, AG-BIL1004215_C1, AG-FR03319FR-0001, AG-FR03319FR-0002, AG-FR03319FR-0003, AG-FR03319FR-0004, AG-FR03319FR-0005, AG-FR03319FR-0006, AG-FR03319FR-0007, AG-FR03319FR-0008, AG-FR03319FR-0009, AG-FR03319FR-0011, AG-FR03319FR-0012, AG-FR03319FR-0013, AG-FR03319FR-0016, AG-FR03319FR-0017, AG-FR03319FR-0018, AG-FR03319FR-0019, AG-FR03319FR-0020, AG-FR03319FR-0022, AG-FR03319FR-0023, AG-FR03319FR-0024, AG-FR03319FR-0025, AG-FR03319FR-0026, AG-FR03319FR-0027, AG-FR03319FR-0028, AG-FR03319FR-0029, AG-FR03319FR-0030, AG-FR03319FR-0031, AG-FR03319FR-0032, AG-FR03319FR-0033, AG-FR03319FR-0034, AG-FR03319FR-0035, AG-FR03319FR-0036, AG-FR03319FR-0038, AG-FR03319FR-0039, AG-FR03319FR-0040, AG-FR03319FR-0041, AG-FR03319FR-0042, AG-FR03319FR-0043, AG-FR03319FR-0045, AG-FR03319FR-0046, AG-FR03319FR-0047, AG-FR03319FR-0048, AG-FR03319FR-0049, AG-FR03319FR-0050, AG-FR03319FR-0052, AG-FR03319FR-0053, AG-FR03319FR-0054, AG-FR03319FR-0055, AG-FR03319FR-0056, AG-FR03319FR-0057, AG-FR03319FR-0058, AG-FR03319FR-0059, AG-FR03319FR-0060, AG-FR03319FR-0061, AG-FR03319FR-0062, AG-FR03319FR-0063, AG-FR03319FR-0064, AG-FR03319FR-0066, AG-FR03319FR-0068, AG-FR03319FR-0069, AG-FR03319FR-0070, AG-FR03319FR-0071, AG-FR03319FR-0072, AG-FR03319FR-0073, AG-FR03319FR-0074, AG-FR03319FR-0075, AG-FR03319FR-0076, AG-FR03319FR-0077, AG-FR03319FR-0077-C1, AG-FR03319FR-0078, AG-FR03319FR-0080, AG-FR03319FR-0081, AG-FR03319FR-0082, AG-FR03319FR-0083, AG-FR03319FR-0084, AG-FR03319FR-0088, AG-FR03319FR-0089, AG-FR03319FR-0090, AG-FR03319FR-0091, AG-FR03319FR-0092, AG-FR03319FR-0093, AG-FR03319FR-0094, AG-FR03319FR-0095, AG-FR03319FR-0097, AG-FR03319FR-0098, AG-FR03319FR-0099, AG-FR03319FR-0100, AG-FR03319FR-0101, AG-FR03319FR-0102, AG-FR03319FR-0104, AG-FR03319FR-0105, AG-FR03319FR-0107, AG-FR03319FR-0108, AG-FR03319FR-0110, AG-FR03319FR-0111, AG-FR03319FR-0112, AG-FR03319FR-0113, AG-FR03319FR-0114, AG-FR03319FR-0115, AG-FR03319FR-0116, AG-FR03319FR-0117, AG-FR03319FR-0119, AG-FR03319FR-0121, AG-FR03319FR-0122, AG-FR03319FR-0123, AG-FR03319FR-10001, AG-FR03319FR-10002, AG-FR03319FR-10007, AG-FR03319FR-10011, AG-FR03319FR-10022, AG-FR03319FR-10034, AG-FR03319FR-10047, AG-FR03319FR-AVSF01402, AG-FR03319FR-BATE66901_C1, AG-FR03319FR-BAUC76101_C1, AG-FR03319FR-BAUE49601_C1, AG-FR03319FR-BAUF85401_C1, AG-FR03319FR-BAUK62501_C1
11:37:55 Total contrats a ecrire : 3
11:37:55 Buffer memoire rempli : 3 lignes en 40 ms
11:37:55 Template source : C:\Users\KillianMathieu\Documents\UiPath\Egis\Egis-Robot1\Data\Input\05-IDF_TEMPLATE_SUBMIT_CONTRACT_V1.0.xlsx
11:37:55 Copie de travail : C:\Users\KILLIA~1\AppData\Local\Temp\OracleContractsExport\05-IDF_TEMPLATE_SUBMIT_CONTRACT_V1.0_20260429_113755.xlsx
11:37:55 Ouverture Excel...
11:38:02 Premiere ligne libre detectee : 6
11:38:02 Excel : ecriture bloc (3 lignes, ligne 6 a 8) en 14 ms
11:38:02 Excel ferme
11:38:03 Fichier final : C:\Users\KillianMathieu\Documents\UiPath\Egis\Egis-Robot1\Data\Output\05-IDF_TEMPLATE_SUBMIT_CONTRACT_V1.0_20260429_113755.xlsx

===== RUN 2026-04-29 11:48:33 =====
11:48:33 User: ERP_PPM_DM.PRISM | Contracts attendus: 148 | Batch: 25 | Output: C:\Users\KillianMathieu\Documents\UiPath\Egis\Egis-Robot1\Data\Output
11:48:33 Decoupage en 6 batch(es) de 25 contrats max
11:48:34   batch 1/6 offset=0 charge=0 total=0 hasMore=False
11:48:34   batch 2/6 offset=0 charge=0 total=0 hasMore=False
11:48:35   batch 3/6 offset=0 charge=0 total=0 hasMore=False
11:48:35   batch 4/6 offset=0 charge=1 total=1 hasMore=False
11:48:36   batch 5/6 offset=0 charge=2 total=3 hasMore=False
11:48:37   batch 6/6 offset=0 charge=0 total=3 hasMore=False
11:48:37 API OK : 3 contrats (version courante) recuperes en 4s
11:48:37 ATTENTION : 145 contrats non trouves : AG-BIL-1001684_C1, AG-BIL-1002075_C1, AG-BIL-1002814_C1, AG-BIL-1003314_C1, AG-BIL-1003314_C2, AG-BIL-1003314_C3, AG-BIL-1003314_C4, AG-BIL-1003354_C1, AG-BIL-1003379_C1, AG-BIL-1003933-BUVD04601-C1, AG-BIL-1003942_C1, AG-BIL-1003950_C1, AG-BIL-1003955_C1, AG-BIL-1003956_C1, AG-BIL-1004226_C1, AG-BIL-1004233-C1, AG-BIL-1005484-C1, AG-BIL-1006074-C1, AG-BIL-1006087-C1, AG-BIL-1006679-C1, AG-BIL-1006740_C1, AG-BIL-1006784-C1, AG-BIL-1006848-C1, AG-BIL-1007271-C1, AG-BIL-1007494-C1, AG-BIL-1008507-C1, AG-BIL1004215_C1, AG-FR03319FR-0001, AG-FR03319FR-0002, AG-FR03319FR-0003, AG-FR03319FR-0004, AG-FR03319FR-0005, AG-FR03319FR-0006, AG-FR03319FR-0007, AG-FR03319FR-0008, AG-FR03319FR-0009, AG-FR03319FR-0011, AG-FR03319FR-0012, AG-FR03319FR-0013, AG-FR03319FR-0016, AG-FR03319FR-0017, AG-FR03319FR-0018, AG-FR03319FR-0019, AG-FR03319FR-0020, AG-FR03319FR-0022, AG-FR03319FR-0023, AG-FR03319FR-0024, AG-FR03319FR-0025, AG-FR03319FR-0026, AG-FR03319FR-0027, AG-FR03319FR-0028, AG-FR03319FR-0029, AG-FR03319FR-0030, AG-FR03319FR-0031, AG-FR03319FR-0032, AG-FR03319FR-0033, AG-FR03319FR-0034, AG-FR03319FR-0035, AG-FR03319FR-0036, AG-FR03319FR-0038, AG-FR03319FR-0039, AG-FR03319FR-0040, AG-FR03319FR-0041, AG-FR03319FR-0042, AG-FR03319FR-0043, AG-FR03319FR-0045, AG-FR03319FR-0046, AG-FR03319FR-0047, AG-FR03319FR-0048, AG-FR03319FR-0049, AG-FR03319FR-0050, AG-FR03319FR-0052, AG-FR03319FR-0053, AG-FR03319FR-0054, AG-FR03319FR-0055, AG-FR03319FR-0056, AG-FR03319FR-0057, AG-FR03319FR-0058, AG-FR03319FR-0059, AG-FR03319FR-0060, AG-FR03319FR-0061, AG-FR03319FR-0062, AG-FR03319FR-0063, AG-FR03319FR-0064, AG-FR03319FR-0066, AG-FR03319FR-0068, AG-FR03319FR-0069, AG-FR03319FR-0070, AG-FR03319FR-0071, AG-FR03319FR-0072, AG-FR03319FR-0073, AG-FR03319FR-0074, AG-FR03319FR-0075, AG-FR03319FR-0076, AG-FR03319FR-0077, AG-FR03319FR-0077-C1, AG-FR03319FR-0078, AG-FR03319FR-0080, AG-FR03319FR-0081, AG-FR03319FR-0082, AG-FR03319FR-0083, AG-FR03319FR-0084, AG-FR03319FR-0088, AG-FR03319FR-0089, AG-FR03319FR-0090, AG-FR03319FR-0091, AG-FR03319FR-0092, AG-FR03319FR-0093, AG-FR03319FR-0094, AG-FR03319FR-0095, AG-FR03319FR-0097, AG-FR03319FR-0098, AG-FR03319FR-0099, AG-FR03319FR-0100, AG-FR03319FR-0101, AG-FR03319FR-0102, AG-FR03319FR-0104, AG-FR03319FR-0105, AG-FR03319FR-0107, AG-FR03319FR-0108, AG-FR03319FR-0110, AG-FR03319FR-0111, AG-FR03319FR-0112, AG-FR03319FR-0113, AG-FR03319FR-0114, AG-FR03319FR-0115, AG-FR03319FR-0116, AG-FR03319FR-0117, AG-FR03319FR-0119, AG-FR03319FR-0121, AG-FR03319FR-0122, AG-FR03319FR-0123, AG-FR03319FR-10001, AG-FR03319FR-10002, AG-FR03319FR-10007, AG-FR03319FR-10011, AG-FR03319FR-10022, AG-FR03319FR-10034, AG-FR03319FR-10047, AG-FR03319FR-AVSF01402, AG-FR03319FR-BATE66901_C1, AG-FR03319FR-BAUC76101_C1, AG-FR03319FR-BAUE49601_C1, AG-FR03319FR-BAUF85401_C1, AG-FR03319FR-BAUK62501_C1
11:48:37 Total contrats a ecrire : 3
11:48:37 Buffer memoire rempli : 3 lignes en 35 ms
11:48:37 Template source : C:\Users\KillianMathieu\Documents\UiPath\Egis\Egis-Robot1\Data\Input\05-IDF_TEMPLATE_SUBMIT_CONTRACT_V1.0.xlsx
11:48:37 Copie de travail : C:\Users\KILLIA~1\AppData\Local\Temp\OracleContractsExport\05-IDF_TEMPLATE_SUBMIT_CONTRACT_V1.0_20260429_114837.xlsx
11:48:37 Ouverture Excel...
11:48:41 Premiere ligne libre detectee : 6
11:48:41 Excel : ecriture bloc (3 lignes, ligne 6 a 8) en 11 ms
11:48:41 Excel ferme
11:48:41 Fichier final : C:\Users\KillianMathieu\Documents\UiPath\Egis\Egis-Robot1\Data\Output\05-IDF_TEMPLATE_SUBMIT_CONTRACT_V1.0_20260429_114837.xlsx

===== RUN 2026-04-29 12:03:11 =====
12:03:11 User: ERP_PPM_DM.PRISM | Contracts attendus: 148 | Batch: 25 | Output: C:\Users\KillianMathieu\Documents\UiPath\Egis\Egis-Robot1\Data\Output
12:03:11 Decoupage en 6 batch(es) de 25 contrats max
12:03:12   batch 1/6 offset=0 charge=0 total=0 hasMore=False
12:03:12   batch 2/6 offset=0 charge=0 total=0 hasMore=False
12:03:13   batch 3/6 offset=0 charge=0 total=0 hasMore=False
12:03:14   batch 4/6 offset=0 charge=1 total=1 hasMore=False
12:03:15   batch 5/6 offset=0 charge=2 total=3 hasMore=False
12:03:15   batch 6/6 offset=0 charge=0 total=3 hasMore=False
12:03:15 API OK : 3 contrats (version courante) recuperes en 4s
12:03:15 ATTENTION : 145 contrats non trouves : AG-BIL-1001684_C1, AG-BIL-1002075_C1, AG-BIL-1002814_C1, AG-BIL-1003314_C1, AG-BIL-1003314_C2, AG-BIL-1003314_C3, AG-BIL-1003314_C4, AG-BIL-1003354_C1, AG-BIL-1003379_C1, AG-BIL-1003933-BUVD04601-C1, AG-BIL-1003942_C1, AG-BIL-1003950_C1, AG-BIL-1003955_C1, AG-BIL-1003956_C1, AG-BIL-1004226_C1, AG-BIL-1004233-C1, AG-BIL-1005484-C1, AG-BIL-1006074-C1, AG-BIL-1006087-C1, AG-BIL-1006679-C1, AG-BIL-1006740_C1, AG-BIL-1006784-C1, AG-BIL-1006848-C1, AG-BIL-1007271-C1, AG-BIL-1007494-C1, AG-BIL-1008507-C1, AG-BIL1004215_C1, AG-FR03319FR-0001, AG-FR03319FR-0002, AG-FR03319FR-0003, AG-FR03319FR-0004, AG-FR03319FR-0005, AG-FR03319FR-0006, AG-FR03319FR-0007, AG-FR03319FR-0008, AG-FR03319FR-0009, AG-FR03319FR-0011, AG-FR03319FR-0012, AG-FR03319FR-0013, AG-FR03319FR-0016, AG-FR03319FR-0017, AG-FR03319FR-0018, AG-FR03319FR-0019, AG-FR03319FR-0020, AG-FR03319FR-0022, AG-FR03319FR-0023, AG-FR03319FR-0024, AG-FR03319FR-0025, AG-FR03319FR-0026, AG-FR03319FR-0027, AG-FR03319FR-0028, AG-FR03319FR-0029, AG-FR03319FR-0030, AG-FR03319FR-0031, AG-FR03319FR-0032, AG-FR03319FR-0033, AG-FR03319FR-0034, AG-FR03319FR-0035, AG-FR03319FR-0036, AG-FR03319FR-0038, AG-FR03319FR-0039, AG-FR03319FR-0040, AG-FR03319FR-0041, AG-FR03319FR-0042, AG-FR03319FR-0043, AG-FR03319FR-0045, AG-FR03319FR-0046, AG-FR03319FR-0047, AG-FR03319FR-0048, AG-FR03319FR-0049, AG-FR03319FR-0050, AG-FR03319FR-0052, AG-FR03319FR-0053, AG-FR03319FR-0054, AG-FR03319FR-0055, AG-FR03319FR-0056, AG-FR03319FR-0057, AG-FR03319FR-0058, AG-FR03319FR-0059, AG-FR03319FR-0060, AG-FR03319FR-0061, AG-FR03319FR-0062, AG-FR03319FR-0063, AG-FR03319FR-0064, AG-FR03319FR-0066, AG-FR03319FR-0068, AG-FR03319FR-0069, AG-FR03319FR-0070, AG-FR03319FR-0071, AG-FR03319FR-0072, AG-FR03319FR-0073, AG-FR03319FR-0074, AG-FR03319FR-0075, AG-FR03319FR-0076, AG-FR03319FR-0077, AG-FR03319FR-0077-C1, AG-FR03319FR-0078, AG-FR03319FR-0080, AG-FR03319FR-0081, AG-FR03319FR-0082, AG-FR03319FR-0083, AG-FR03319FR-0084, AG-FR03319FR-0088, AG-FR03319FR-0089, AG-FR03319FR-0090, AG-FR03319FR-0091, AG-FR03319FR-0092, AG-FR03319FR-0093, AG-FR03319FR-0094, AG-FR03319FR-0095, AG-FR03319FR-0097, AG-FR03319FR-0098, AG-FR03319FR-0099, AG-FR03319FR-0100, AG-FR03319FR-0101, AG-FR03319FR-0102, AG-FR03319FR-0104, AG-FR03319FR-0105, AG-FR03319FR-0107, AG-FR03319FR-0108, AG-FR03319FR-0110, AG-FR03319FR-0111, AG-FR03319FR-0112, AG-FR03319FR-0113, AG-FR03319FR-0114, AG-FR03319FR-0115, AG-FR03319FR-0116, AG-FR03319FR-0117, AG-FR03319FR-0119, AG-FR03319FR-0121, AG-FR03319FR-0122, AG-FR03319FR-0123, AG-FR03319FR-10001, AG-FR03319FR-10002, AG-FR03319FR-10007, AG-FR03319FR-10011, AG-FR03319FR-10022, AG-FR03319FR-10034, AG-FR03319FR-10047, AG-FR03319FR-AVSF01402, AG-FR03319FR-BATE66901_C1, AG-FR03319FR-BAUC76101_C1, AG-FR03319FR-BAUE49601_C1, AG-FR03319FR-BAUF85401_C1, AG-FR03319FR-BAUK62501_C1
12:03:15 Total contrats a ecrire : 3
12:03:15 Buffer memoire rempli : 3 lignes en 51 ms
12:03:15 Template source : C:\Users\KillianMathieu\Documents\UiPath\Egis\Egis-Robot1\Data\Input\05-IDF_TEMPLATE_SUBMIT_CONTRACT_V1.0.xlsx
12:03:15 Copie de travail : C:\Users\KILLIA~1\AppData\Local\Temp\OracleContractsExport\05-IDF_TEMPLATE_SUBMIT_CONTRACT_V1.0_20260429_120315.xlsx
12:03:15 Ouverture Excel...
12:03:18 Premiere ligne libre detectee : 6
12:03:18 Excel : ecriture bloc (3 lignes, ligne 6 a 8) en 13 ms
12:03:18 Excel ferme
12:03:19 Fichier final : C:\Users\KillianMathieu\Documents\UiPath\Egis\Egis-Robot1\Data\Output\05-IDF_TEMPLATE_SUBMIT_CONTRACT_V1.0_20260429_120315.xlsx
