
===== RUN 2026-04-28 16:15:13 =====
16:15:13 User: ERP_PPM_DM.PRISM | Contracts attendus: 18 | Batch: 25 | Output: C:\Users\KillianMathieu\Documents\UiPath\Egis\Egis-Robot1\Data\Input
16:15:13 Decoupage en 1 batch(es) de 25 contrats max
16:15:14   batch 1/1 offset=0 charge=0 total=0 hasMore=False
16:15:14 API OK : 0 contrats (version courante) recuperes en 1s
16:15:14 ATTENTION : 18 contrats non trouves : Output, folder, should, be, used, to, store, the, files, resulted, from, process, such, as, reports, or, status, files.
16:15:14 Total contrats a ecrire : 0
16:15:14 Aucun contrat a ecrire, on s'arrete sans toucher au template

===== RUN 2026-04-28 16:17:49 =====
16:17:49 User: ERP_PPM_DM.PRISM | Contracts attendus: 18 | Batch: 25 | Output: C:\Users\KillianMathieu\Documents\UiPath\Egis\Egis-Robot1\Data\Input
16:17:49 Decoupage en 1 batch(es) de 25 contrats max
16:17:51   batch 1/1 offset=0 charge=0 total=0 hasMore=False
16:17:51 API OK : 0 contrats (version courante) recuperes en 2s
16:17:51 ATTENTION : 18 contrats non trouves : Output, folder, should, be, used, to, store, the, files, resulted, from, process, such, as, reports, or, status, files.
16:17:51 Total contrats a ecrire : 0
16:17:51 Aucun contrat a ecrire, on s'arrete sans toucher au template

===== RUN 2026-04-28 16:20:11 =====
16:20:11 User: ERP_PPM_DM.PRISM | Contracts attendus: 148 | Batch: 25 | Output: C:\Users\KillianMathieu\Documents\UiPath\Egis\Egis-Robot1\Data\Input
16:20:11 Decoupage en 6 batch(es) de 25 contrats max
16:20:12   batch 1/6 offset=0 charge=0 total=0 hasMore=False
16:20:13   batch 2/6 offset=0 charge=0 total=0 hasMore=False
16:20:13   batch 3/6 offset=0 charge=0 total=0 hasMore=False
16:20:14   batch 4/6 offset=0 charge=1 total=1 hasMore=False
16:20:15   batch 5/6 offset=0 charge=2 total=3 hasMore=False
16:20:16   batch 6/6 offset=0 charge=0 total=3 hasMore=False
16:20:16 API OK : 3 contrats (version courante) recuperes en 5s
16:20:16 ATTENTION : 145 contrats non trouves : AG-BIL-1001684_C1, AG-BIL-1002075_C1, AG-BIL-1002814_C1, AG-BIL-1003314_C1, AG-BIL-1003314_C2, AG-BIL-1003314_C3, AG-BIL-1003314_C4, AG-BIL-1003354_C1, AG-BIL-1003379_C1, AG-BIL-1003933-BUVD04601-C1, AG-BIL-1003942_C1, AG-BIL-1003950_C1, AG-BIL-1003955_C1, AG-BIL-1003956_C1, AG-BIL-1004226_C1, AG-BIL-1004233-C1, AG-BIL-1005484-C1, AG-BIL-1006074-C1, AG-BIL-1006087-C1, AG-BIL-1006679-C1, AG-BIL-1006740_C1, AG-BIL-1006784-C1, AG-BIL-1006848-C1, AG-BIL-1007271-C1, AG-BIL-1007494-C1, AG-BIL-1008507-C1, AG-BIL1004215_C1, AG-FR03319FR-0001, AG-FR03319FR-0002, AG-FR03319FR-0003, AG-FR03319FR-0004, AG-FR03319FR-0005, AG-FR03319FR-0006, AG-FR03319FR-0007, AG-FR03319FR-0008, AG-FR03319FR-0009, AG-FR03319FR-0011, AG-FR03319FR-0012, AG-FR03319FR-0013, AG-FR03319FR-0016, AG-FR03319FR-0017, AG-FR03319FR-0018, AG-FR03319FR-0019, AG-FR03319FR-0020, AG-FR03319FR-0022, AG-FR03319FR-0023, AG-FR03319FR-0024, AG-FR03319FR-0025, AG-FR03319FR-0026, AG-FR03319FR-0027, AG-FR03319FR-0028, AG-FR03319FR-0029, AG-FR03319FR-0030, AG-FR03319FR-0031, AG-FR03319FR-0032, AG-FR03319FR-0033, AG-FR03319FR-0034, AG-FR03319FR-0035, AG-FR03319FR-0036, AG-FR03319FR-0038, AG-FR03319FR-0039, AG-FR03319FR-0040, AG-FR03319FR-0041, AG-FR03319FR-0042, AG-FR03319FR-0043, AG-FR03319FR-0045, AG-FR03319FR-0046, AG-FR03319FR-0047, AG-FR03319FR-0048, AG-FR03319FR-0049, AG-FR03319FR-0050, AG-FR03319FR-0052, AG-FR03319FR-0053, AG-FR03319FR-0054, AG-FR03319FR-0055, AG-FR03319FR-0056, AG-FR03319FR-0057, AG-FR03319FR-0058, AG-FR03319FR-0059, AG-FR03319FR-0060, AG-FR03319FR-0061, AG-FR03319FR-0062, AG-FR03319FR-0063, AG-FR03319FR-0064, AG-FR03319FR-0066, AG-FR03319FR-0068, AG-FR03319FR-0069, AG-FR03319FR-0070, AG-FR03319FR-0071, AG-FR03319FR-0072, AG-FR03319FR-0073, AG-FR03319FR-0074, AG-FR03319FR-0075, AG-FR03319FR-0076, AG-FR03319FR-0077, AG-FR03319FR-0077-C1, AG-FR03319FR-0078, AG-FR03319FR-0080, AG-FR03319FR-0081, AG-FR03319FR-0082, AG-FR03319FR-0083, AG-FR03319FR-0084, AG-FR03319FR-0088, AG-FR03319FR-0089, AG-FR03319FR-0090, AG-FR03319FR-0091, AG-FR03319FR-0092, AG-FR03319FR-0093, AG-FR03319FR-0094, AG-FR03319FR-0095, AG-FR03319FR-0097, AG-FR03319FR-0098, AG-FR03319FR-0099, AG-FR03319FR-0100, AG-FR03319FR-0101, AG-FR03319FR-0102, AG-FR03319FR-0104, AG-FR03319FR-0105, AG-FR03319FR-0107, AG-FR03319FR-0108, AG-FR03319FR-0110, AG-FR03319FR-0111, AG-FR03319FR-0112, AG-FR03319FR-0113, AG-FR03319FR-0114, AG-FR03319FR-0115, AG-FR03319FR-0116, AG-FR03319FR-0117, AG-FR03319FR-0119, AG-FR03319FR-0121, AG-FR03319FR-0122, AG-FR03319FR-0123, AG-FR03319FR-10001, AG-FR03319FR-10002, AG-FR03319FR-10007, AG-FR03319FR-10011, AG-FR03319FR-10022, AG-FR03319FR-10034, AG-FR03319FR-10047, AG-FR03319FR-AVSF01402, AG-FR03319FR-BATE66901_C1, AG-FR03319FR-BAUC76101_C1, AG-FR03319FR-BAUE49601_C1, AG-FR03319FR-BAUF85401_C1, AG-FR03319FR-BAUK62501_C1
16:20:16 Total contrats a ecrire : 3
16:20:16 Buffer memoire rempli : 3 lignes en 12 ms
16:20:16 Template source : C:\Users\KillianMathieu\Documents\UiPath\Egis\Egis-Robot1\Data\Input\05-IDF_TEMPLATE_SUBMIT_CONTRACT_V1.0.xlsx
16:20:16 Copie de travail : C:\Users\KILLIA~1\AppData\Local\Temp\OracleContractsExport\05-IDF_TEMPLATE_SUBMIT_CONTRACT_V1.0_20260428_162016.xlsx
16:20:16 Ouverture Excel...
16:20:20 Premiere ligne libre detectee : 6
16:20:20 Excel : ecriture bloc (3 lignes, ligne 6 a 8) en 5 ms
16:20:20 Excel ferme
16:20:20 Fichier final : C:\Users\KillianMathieu\Documents\UiPath\Egis\Egis-Robot1\Data\Input\05-IDF_TEMPLATE_SUBMIT_CONTRACT_V1.0_20260428_162016.xlsx

===== RUN 2026-04-28 16:30:46 =====
16:30:46 User: ERP_PPM_DM.PRISM | Contracts attendus: 148 | Batch: 25 | Output: C:\Users\KillianMathieu\Documents\UiPath\Egis\Egis-Robot1\Data\Input
16:30:46 Decoupage en 6 batch(es) de 25 contrats max
16:30:46   batch 1/6 offset=0 charge=0 total=0 hasMore=False
16:30:46   batch 2/6 offset=0 charge=0 total=0 hasMore=False
16:30:47   batch 3/6 offset=0 charge=0 total=0 hasMore=False
16:30:47   batch 4/6 offset=0 charge=1 total=1 hasMore=False
16:30:48   batch 5/6 offset=0 charge=2 total=3 hasMore=False
16:30:48   batch 6/6 offset=0 charge=0 total=3 hasMore=False
16:30:48 API OK : 3 contrats (version courante) recuperes en 3s
16:30:49 ATTENTION : 145 contrats non trouves : AG-BIL-1001684_C1, AG-BIL-1002075_C1, AG-BIL-1002814_C1, AG-BIL-1003314_C1, AG-BIL-1003314_C2, AG-BIL-1003314_C3, AG-BIL-1003314_C4, AG-BIL-1003354_C1, AG-BIL-1003379_C1, AG-BIL-1003933-BUVD04601-C1, AG-BIL-1003942_C1, AG-BIL-1003950_C1, AG-BIL-1003955_C1, AG-BIL-1003956_C1, AG-BIL-1004226_C1, AG-BIL-1004233-C1, AG-BIL-1005484-C1, AG-BIL-1006074-C1, AG-BIL-1006087-C1, AG-BIL-1006679-C1, AG-BIL-1006740_C1, AG-BIL-1006784-C1, AG-BIL-1006848-C1, AG-BIL-1007271-C1, AG-BIL-1007494-C1, AG-BIL-1008507-C1, AG-BIL1004215_C1, AG-FR03319FR-0001, AG-FR03319FR-0002, AG-FR03319FR-0003, AG-FR03319FR-0004, AG-FR03319FR-0005, AG-FR03319FR-0006, AG-FR03319FR-0007, AG-FR03319FR-0008, AG-FR03319FR-0009, AG-FR03319FR-0011, AG-FR03319FR-0012, AG-FR03319FR-0013, AG-FR03319FR-0016, AG-FR03319FR-0017, AG-FR03319FR-0018, AG-FR03319FR-0019, AG-FR03319FR-0020, AG-FR03319FR-0022, AG-FR03319FR-0023, AG-FR03319FR-0024, AG-FR03319FR-0025, AG-FR03319FR-0026, AG-FR03319FR-0027, AG-FR03319FR-0028, AG-FR03319FR-0029, AG-FR03319FR-0030, AG-FR03319FR-0031, AG-FR03319FR-0032, AG-FR03319FR-0033, AG-FR03319FR-0034, AG-FR03319FR-0035, AG-FR03319FR-0036, AG-FR03319FR-0038, AG-FR03319FR-0039, AG-FR03319FR-0040, AG-FR03319FR-0041, AG-FR03319FR-0042, AG-FR03319FR-0043, AG-FR03319FR-0045, AG-FR03319FR-0046, AG-FR03319FR-0047, AG-FR03319FR-0048, AG-FR03319FR-0049, AG-FR03319FR-0050, AG-FR03319FR-0052, AG-FR03319FR-0053, AG-FR03319FR-0054, AG-FR03319FR-0055, AG-FR03319FR-0056, AG-FR03319FR-0057, AG-FR03319FR-0058, AG-FR03319FR-0059, AG-FR03319FR-0060, AG-FR03319FR-0061, AG-FR03319FR-0062, AG-FR03319FR-0063, AG-FR03319FR-0064, AG-FR03319FR-0066, AG-FR03319FR-0068, AG-FR03319FR-0069, AG-FR03319FR-0070, AG-FR03319FR-0071, AG-FR03319FR-0072, AG-FR03319FR-0073, AG-FR03319FR-0074, AG-FR03319FR-0075, AG-FR03319FR-0076, AG-FR03319FR-0077, AG-FR03319FR-0077-C1, AG-FR03319FR-0078, AG-FR03319FR-0080, AG-FR03319FR-0081, AG-FR03319FR-0082, AG-FR03319FR-0083, AG-FR03319FR-0084, AG-FR03319FR-0088, AG-FR03319FR-0089, AG-FR03319FR-0090, AG-FR03319FR-0091, AG-FR03319FR-0092, AG-FR03319FR-0093, AG-FR03319FR-0094, AG-FR03319FR-0095, AG-FR03319FR-0097, AG-FR03319FR-0098, AG-FR03319FR-0099, AG-FR03319FR-0100, AG-FR03319FR-0101, AG-FR03319FR-0102, AG-FR03319FR-0104, AG-FR03319FR-0105, AG-FR03319FR-0107, AG-FR03319FR-0108, AG-FR03319FR-0110, AG-FR03319FR-0111, AG-FR03319FR-0112, AG-FR03319FR-0113, AG-FR03319FR-0114, AG-FR03319FR-0115, AG-FR03319FR-0116, AG-FR03319FR-0117, AG-FR03319FR-0119, AG-FR03319FR-0121, AG-FR03319FR-0122, AG-FR03319FR-0123, AG-FR03319FR-10001, AG-FR03319FR-10002, AG-FR03319FR-10007, AG-FR03319FR-10011, AG-FR03319FR-10022, AG-FR03319FR-10034, AG-FR03319FR-10047, AG-FR03319FR-AVSF01402, AG-FR03319FR-BATE66901_C1, AG-FR03319FR-BAUC76101_C1, AG-FR03319FR-BAUE49601_C1, AG-FR03319FR-BAUF85401_C1, AG-FR03319FR-BAUK62501_C1
16:30:49 Total contrats a ecrire : 3
16:30:49 Buffer memoire rempli : 3 lignes en 12 ms
16:30:49 Template source : C:\Users\KillianMathieu\Documents\UiPath\Egis\Egis-Robot1\Data\Input\05-IDF_TEMPLATE_SUBMIT_CONTRACT_V1.0.xlsx
16:30:49 Copie de travail : C:\Users\KILLIA~1\AppData\Local\Temp\OracleContractsExport\05-IDF_TEMPLATE_SUBMIT_CONTRACT_V1.0_20260428_163049.xlsx
16:30:49 Ouverture Excel...
16:30:51 Premiere ligne libre detectee : 6
16:30:51 Excel : ecriture bloc (3 lignes, ligne 6 a 8) en 5 ms
16:30:51 Excel ferme
16:30:51 Fichier final : C:\Users\KillianMathieu\Documents\UiPath\Egis\Egis-Robot1\Data\Input\05-IDF_TEMPLATE_SUBMIT_CONTRACT_V1.0_20260428_163049.xlsx

===== RUN 2026-04-28 16:34:05 =====
16:34:05 User: ERP_PPM_DM.PRISM | Contracts attendus: 148 | Batch: 25 | Output: C:\Users\KillianMathieu\Documents\UiPath\Egis\Egis-Robot1\Data\Input
16:34:05 Decoupage en 6 batch(es) de 25 contrats max
16:34:05   batch 1/6 offset=0 charge=0 total=0 hasMore=False
16:34:06   batch 2/6 offset=0 charge=0 total=0 hasMore=False
16:34:06   batch 3/6 offset=0 charge=0 total=0 hasMore=False
16:34:06   batch 4/6 offset=0 charge=1 total=1 hasMore=False
16:34:07   batch 5/6 offset=0 charge=2 total=3 hasMore=False
16:34:08   batch 6/6 offset=0 charge=0 total=3 hasMore=False
16:34:08 API OK : 3 contrats (version courante) recuperes en 3s
16:34:08 ATTENTION : 145 contrats non trouves : AG-BIL-1001684_C1, AG-BIL-1002075_C1, AG-BIL-1002814_C1, AG-BIL-1003314_C1, AG-BIL-1003314_C2, AG-BIL-1003314_C3, AG-BIL-1003314_C4, AG-BIL-1003354_C1, AG-BIL-1003379_C1, AG-BIL-1003933-BUVD04601-C1, AG-BIL-1003942_C1, AG-BIL-1003950_C1, AG-BIL-1003955_C1, AG-BIL-1003956_C1, AG-BIL-1004226_C1, AG-BIL-1004233-C1, AG-BIL-1005484-C1, AG-BIL-1006074-C1, AG-BIL-1006087-C1, AG-BIL-1006679-C1, AG-BIL-1006740_C1, AG-BIL-1006784-C1, AG-BIL-1006848-C1, AG-BIL-1007271-C1, AG-BIL-1007494-C1, AG-BIL-1008507-C1, AG-BIL1004215_C1, AG-FR03319FR-0001, AG-FR03319FR-0002, AG-FR03319FR-0003, AG-FR03319FR-0004, AG-FR03319FR-0005, AG-FR03319FR-0006, AG-FR03319FR-0007, AG-FR03319FR-0008, AG-FR03319FR-0009, AG-FR03319FR-0011, AG-FR03319FR-0012, AG-FR03319FR-0013, AG-FR03319FR-0016, AG-FR03319FR-0017, AG-FR03319FR-0018, AG-FR03319FR-0019, AG-FR03319FR-0020, AG-FR03319FR-0022, AG-FR03319FR-0023, AG-FR03319FR-0024, AG-FR03319FR-0025, AG-FR03319FR-0026, AG-FR03319FR-0027, AG-FR03319FR-0028, AG-FR03319FR-0029, AG-FR03319FR-0030, AG-FR03319FR-0031, AG-FR03319FR-0032, AG-FR03319FR-0033, AG-FR03319FR-0034, AG-FR03319FR-0035, AG-FR03319FR-0036, AG-FR03319FR-0038, AG-FR03319FR-0039, AG-FR03319FR-0040, AG-FR03319FR-0041, AG-FR03319FR-0042, AG-FR03319FR-0043, AG-FR03319FR-0045, AG-FR03319FR-0046, AG-FR03319FR-0047, AG-FR03319FR-0048, AG-FR03319FR-0049, AG-FR03319FR-0050, AG-FR03319FR-0052, AG-FR03319FR-0053, AG-FR03319FR-0054, AG-FR03319FR-0055, AG-FR03319FR-0056, AG-FR03319FR-0057, AG-FR03319FR-0058, AG-FR03319FR-0059, AG-FR03319FR-0060, AG-FR03319FR-0061, AG-FR03319FR-0062, AG-FR03319FR-0063, AG-FR03319FR-0064, AG-FR03319FR-0066, AG-FR03319FR-0068, AG-FR03319FR-0069, AG-FR03319FR-0070, AG-FR03319FR-0071, AG-FR03319FR-0072, AG-FR03319FR-0073, AG-FR03319FR-0074, AG-FR03319FR-0075, AG-FR03319FR-0076, AG-FR03319FR-0077, AG-FR03319FR-0077-C1, AG-FR03319FR-0078, AG-FR03319FR-0080, AG-FR03319FR-0081, AG-FR03319FR-0082, AG-FR03319FR-0083, AG-FR03319FR-0084, AG-FR03319FR-0088, AG-FR03319FR-0089, AG-FR03319FR-0090, AG-FR03319FR-0091, AG-FR03319FR-0092, AG-FR03319FR-0093, AG-FR03319FR-0094, AG-FR03319FR-0095, AG-FR03319FR-0097, AG-FR03319FR-0098, AG-FR03319FR-0099, AG-FR03319FR-0100, AG-FR03319FR-0101, AG-FR03319FR-0102, AG-FR03319FR-0104, AG-FR03319FR-0105, AG-FR03319FR-0107, AG-FR03319FR-0108, AG-FR03319FR-0110, AG-FR03319FR-0111, AG-FR03319FR-0112, AG-FR03319FR-0113, AG-FR03319FR-0114, AG-FR03319FR-0115, AG-FR03319FR-0116, AG-FR03319FR-0117, AG-FR03319FR-0119, AG-FR03319FR-0121, AG-FR03319FR-0122, AG-FR03319FR-0123, AG-FR03319FR-10001, AG-FR03319FR-10002, AG-FR03319FR-10007, AG-FR03319FR-10011, AG-FR03319FR-10022, AG-FR03319FR-10034, AG-FR03319FR-10047, AG-FR03319FR-AVSF01402, AG-FR03319FR-BATE66901_C1, AG-FR03319FR-BAUC76101_C1, AG-FR03319FR-BAUE49601_C1, AG-FR03319FR-BAUF85401_C1, AG-FR03319FR-BAUK62501_C1
16:34:08 Total contrats a ecrire : 3
16:34:08 Buffer memoire rempli : 3 lignes en 13 ms
16:34:08 Template source : C:\Users\KillianMathieu\Documents\UiPath\Egis\Egis-Robot1\Data\Input\05-IDF_TEMPLATE_SUBMIT_CONTRACT_V1.0.xlsx
16:34:08 Copie de travail : C:\Users\KILLIA~1\AppData\Local\Temp\OracleContractsExport\05-IDF_TEMPLATE_SUBMIT_CONTRACT_V1.0_20260428_163408.xlsx
16:34:08 Ouverture Excel...
16:34:11 Premiere ligne libre detectee : 6
16:34:11 Excel : ecriture bloc (3 lignes, ligne 6 a 8) en 5 ms
16:34:11 Excel ferme
16:34:11 Fichier final : C:\Users\KillianMathieu\Documents\UiPath\Egis\Egis-Robot1\Data\Input\05-IDF_TEMPLATE_SUBMIT_CONTRACT_V1.0_20260428_163408.xlsx
